******************************************************************************
                  TI ARM Linker PC v5.2.2                      
******************************************************************************
>> Linked Mon Jul 20 18:37:08 2015

OUTPUT FILE NAME:   <typical_CC3200.out>
ENTRY POINT SYMBOL: "_c_int00"  address: 200088b9


MEMORY CONFIGURATION

         name            origin    length      used     unused   attr    fill
----------------------  --------  ---------  --------  --------  ----  --------
  SRAM_CODE             20004000   00012fff  00007aa4  0000b55b  RW X
  SRAM_DATA             20017000   00019000  00002838  000167c8  RW X


SEGMENT ALLOCATION MAP

run origin  load origin   length   init length attrs members
----------  ----------- ---------- ----------- ----- -------
20004000    20004000    00007ab0   00007ab0    r-x
  20004000    20004000    0000030c   0000030c    r-- .resetVecs
  20004310    20004310    00005732   00005732    r-x .text
  20009a44    20009a44    00001d2e   00001d2e    r-- .const
  2000b778    2000b778    00000338   00000338    r-- .cinit
20017000    20017000    00002438   00000000    rw-
  20017000    20017000    00002034   00000000    rw- .bss
  20019034    20019034    00000404   00000000    rw- .data
2002fc00    2002fc00    00000400   00000000    rw-
  2002fc00    2002fc00    00000400   00000000    rw- .stack


SECTION ALLOCATION MAP

 output                                  attributes/
section   page    origin      length       input sections
--------  ----  ----------  ----------   ----------------
.init_array 
*          0    20004000    00000000     UNINITIALIZED

.resetVecs 
*          0    20004000    0000030c     
                  20004000    0000030c     app_pem4.oem4 (.resetVecs)

.text      0    20004310    00005732     
                  20004310    00000430     sysbios.aem4 : BIOS.obj (.text:ti_sysbios_family_arm_m3_Hwi_excDumpRegs__I)
                  20004740    0000034c     ti.targets.arm.rtsarm.aem4 : System.oem4 (.text:xdc_runtime_System_doPrint__I)
                  20004a8c    00000004     app_pem4.oem4 (.text:ti_sysbios_BIOS_RtsGateProxy_enter__E)
                  20004a90    00000314     sysbios.aem4 : BIOS.obj (.text:ti_sysbios_knl_Semaphore_pend__E)
                  20004da4    000002d4     rtsv7M4_T_le_eabi.lib : trgdrv.obj (.text)
                  20005078    00000254     sysbios.aem4 : BIOS.obj (.text:ti_sysbios_heaps_HeapMem_free__E)
                  200052cc    00000004     app_pem4.oem4 (.text:ti_sysbios_BIOS_RtsGateProxy_leave__E)
                  200052d0    00000240     sysbios.aem4 : BIOS.obj (.text:ti_sysbios_heaps_HeapMem_alloc__E)
                  20005510    0000022c                  : BIOS.obj (.text:ti_sysbios_knl_Task_Instance_finalize__E)
                  2000573c    00000004     app_pem4.oem4 (.text:ti_sysbios_family_arm_m3_TaskSupport_Module__startupDone__S)
                  20005740    00000200     sysbios.aem4 : BIOS.obj (.text:ti_sysbios_knl_Task_sleep__E)
                  20005940    000001fc                  : BIOS.obj (.text:ti_sysbios_family_arm_m3_Hwi_excHandlerMax__I)
                  20005b3c    00000004     app_pem4.oem4 (.text:ti_sysbios_heaps_HeapMem_Module_GateProxy_enter__E)
                  20005b40    000001c8     sysbios.aem4 : BIOS.obj (.text:ti_sysbios_knl_Task_Instance_init__E)
                  20005d08    0000019c                  : BIOS.obj (.text:ti_sysbios_knl_Task_Module_startup__E)
                  20005ea4    00000004     app_pem4.oem4 (.text:ti_sysbios_heaps_HeapMem_Module_GateProxy_leave__E)
                  20005ea8    00000174     sysbios.aem4 : BIOS.obj (.text:ti_sysbios_family_arm_m3_Hwi_excBusFault__I)
                  2000601c    00000004     app_pem4.oem4 (.text:ti_sysbios_knl_Clock_TimerProxy_getMaxTicks__E)
                  20006020    00000164     sysbios.aem4 : BIOS.obj (.text:ti_sysbios_family_arm_m3_Hwi_excUsageFault__I)
                  20006184    00000004     app_pem4.oem4 (.text:ti_sysbios_knl_Queue_destruct)
                  20006188    00000148     sysbios.aem4 : BIOS.obj (.text:ti_sysbios_family_arm_m3_Hwi_excMemFault__I)
                  200062d0    00000140                  : BIOS.obj (.text:ti_sysbios_knl_Semaphore_post__E)
                  20006410    0000013c                  : BIOS.obj (.text:ti_sysbios_heaps_HeapMem_Instance_init__E)
                  2000654c    00000004     app_pem4.oem4 (.text:ti_sysbios_knl_Semaphore_destruct)
                  20006550    00000138     sysbios.aem4 : BIOS.obj (.text:ti_sysbios_family_arm_m3_Hwi_dispatchC__I)
                  20006688    00000138     ti.targets.arm.rtsarm.aem4 : LoggerBuf.oem4 (.text:xdc_runtime_LoggerBuf_write8__E)
                  200067c0    00000134     sysbios.aem4 : BIOS.obj (.text:ti_sysbios_knl_Clock_workFunc__E)
                  200068f4    00000004     ti.targets.arm.rtsarm.aem4 : Error.oem4 (.text:xdc_runtime_Error_getSite__E)
                  200068f8    0000011c     sysbios.aem4 : BIOS.obj (.text:ti_sysbios_knl_Swi_run__I)
                  20006a14    00000118     ti.targets.arm.rtsarm.aem4 : Error.oem4 (.text:xdc_runtime_Error_policyDefault__E)
                  20006b2c    00000100                                : Core-mem.oem4 (.text:xdc_runtime_Core_createObject__I)
                  20006c2c    000000f8                                : Startup.oem4 (.text:xdc_runtime_Startup_startMods__I)
                  20006d24    000000f8     app_pem4.oem4 (.text:xdc_runtime_System_printfExtend__I)
                  20006e1c    000000d4     ti.targets.arm.rtsarm.aem4 : LoggerBuf.oem4 (.text:xdc_runtime_LoggerBuf_write4__E)
                  20006ef0    000000d0     sysbios.aem4 : m3_Hwi_asm.obj (.text:ti_sysbios_family_arm_m3_Hwi_dispatch__I)
                  20006fc0    000000cc                  : BIOS.obj (.text:ti_sysbios_knl_Task_schedule__I)
                  2000708c    000000cc     ti.targets.arm.rtsarm.aem4 : Core-smem.oem4 (.text:xdc_runtime_Core_constructObject__I)
                  20007158    000000c4     sysbios.aem4 : BIOS.obj (.text:ti_sysbios_family_arm_m3_Hwi_Module_startup__E)
                  2000721c    00000004     app_pem4.oem4 (.text:xdc_runtime_LoggerBuf_Module_GateProxy_enter__E)
                  20007220    000000bc     sysbios.aem4 : BIOS.obj (.text:ti_sysbios_family_arm_m3_Hwi_excDebugMon__I)
                  200072dc    00000004     app_pem4.oem4 (.text:xdc_runtime_LoggerBuf_Module_GateProxy_leave__E)
                  200072e0    000000bc     sysbios.aem4 : BIOS.obj (.text:ti_sysbios_family_arm_m3_Hwi_excHardFault__I)
                  2000739c    00000004     app_pem4.oem4 (.text:xdc_runtime_System_Module_GateProxy_enter__E)
                  200073a0    000000bc     sysbios.aem4 : BIOS.obj (.text:ti_sysbios_knl_Task_startCore__E)
                  2000745c    00000004     app_pem4.oem4 (.text:xdc_runtime_System_Module_GateProxy_leave__E)
                  20007460    000000b4     sysbios.aem4 : BIOS.obj (.text:ti_sysbios_gates_GateMutex_enter__E)
                  20007514    00000004     ti.targets.arm.rtsarm.aem4 : System.oem4 (.text:xdc_runtime_System_aprintf_va__F)
                  20007518    000000b4     sysbios.aem4 : BIOS.obj (.text:ti_sysbios_knl_Task_checkStacks__E)
                  200075cc    00000004     ti.targets.arm.rtsarm.aem4 : System.oem4 (.text:xdc_runtime_System_printf_va__F)
                  200075d0    000000ac     sysbios.aem4 : BIOS.obj (.text:ti_sysbios_knl_Swi_post__E)
                  2000767c    000000a8     main.obj (.text)
                  20007724    00000002     app_pem4.oem4 (.text:ti_sysbios_BIOS_nullFunc__I)
                  20007726    00000002     app_pem4.oem4 (.text:xdc_runtime_Startup_reset__I)
                  20007728    000000a8     sysbios.aem4 : BIOS.obj (.text:ti_sysbios_knl_Task_blockI__E)
                  200077d0    000000a8                  : BIOS.obj (.text:ti_sysbios_knl_Task_postInit__I)
                  20007878    000000a0     auto_init.aem4 : auto_init.oem4 (.text)
                  20007918    000000a0     ti.targets.arm.rtsarm.aem4 : Text.oem4 (.text:xdc_runtime_Text_putMod__E)
                  200079b8    0000009c     rtsv7M4_T_le_eabi.lib : memcpy_t2.obj (.text)
                  20007a54    00000004     --HOLE-- [fill = 0]
                  20007a58    0000009c     sysbios.aem4 : BIOS.obj (.text:ti_sysbios_knl_Semaphore_Instance_init__E)
                  20007af4    0000009c     ti.targets.arm.rtsarm.aem4 : LoggerBuf.oem4 (.text:xdc_runtime_LoggerBuf_setFilterLevel__E)
                  20007b90    0000009a                                : Text.oem4 (.text:xdc_runtime_Text_putSite__E)
                  20007c2a    00000006                                : xdc_noinit.oem4 (.text:__xdc__init)
                  20007c30    00000094     sysbios.aem4 : BIOS.obj (.text:ti_sysbios_knl_Task_exit__E)
                  20007cc4    00000004     --HOLE-- [fill = 0]
                  20007cc8    00000090                  : BIOS.obj (.text:ti_sysbios_knl_Task_unblockI__E)
                  20007d58    00000088                  : BIOS.obj (.text:ti_sysbios_family_arm_m3_Hwi_initNVIC__E)
                  20007de0    0000007a     rtsv7M4_T_le_eabi.lib : memset_t2.obj (.text)
                  20007e5a    00000002     --HOLE-- [fill = 0]
                  20007e5c    00000074     ti.targets.arm.rtsarm.aem4 : LoggerBuf.oem4 (.text:xdc_runtime_LoggerBuf_getFilterLevel__E)
                  20007ed0    0000006c                                : Error.oem4 (.text:xdc_runtime_Error_print__E)
                  20007f3c    0000006c                                : Memory.oem4 (.text:xdc_runtime_Memory_alloc__E)
                  20007fa8    0000006a     rtsv7M4_T_le_eabi.lib : copy_decompress_rle.obj (.text)
                  20008012    00000002     --HOLE-- [fill = 0]
                  20008014    00000068                           : trgmsg.obj (.text)
                  2000807c    00000066     ti.targets.arm.rtsarm.aem4 : Core-mem.oem4 (.text:xdc_runtime_Core_deleteObject__I)
                  200080e2    00000006     rtsv7M4_T_le_eabi.lib : copy_decompress_rle.obj (.text:decompress:rle24)
                  200080e8    00000064     sysbios.aem4 : BIOS.obj (.text:ti_sysbios_family_arm_m3_TimestampProvider_get64__E)
                  2000814c    00000064     ti.targets.arm.rtsarm.aem4 : System.oem4 (.text:xdc_runtime_System_formatNum__I)
                  200081b0    00000060     sysbios.aem4 : BIOS.obj (.text:ti_sysbios_knl_Clock_logTick__E)
                  20008210    0000005c                  : BIOS.obj (.text:ti_sysbios_knl_Swi_restoreHwi__E)
                  2000826c    00000004     --HOLE-- [fill = 0]
                  20008270    0000005c                  : BIOS.obj (.text:ti_sysbios_knl_Swi_schedule__I)
                  200082cc    0000005c     app_pem4.oem4 (.text:ti_sysbios_knl_Task_create)
                  20008328    0000005c     app_pem4.oem4 (.text:xdc_runtime_LoggerBuf_Object__create__S)
                  20008384    0000005b     ti.targets.arm.rtsarm.aem4 : Text.oem4 (.text:xdc_runtime_Text_putLab__E)
                  200083df    00000001     --HOLE-- [fill = 0]
                  200083e0    00000058     sysbios.aem4 : BIOS.obj (.text:ti_sysbios_family_arm_m3_Timer_setPeriod__E)
                  20008438    00000054                  : BIOS.obj (.text:ti_sysbios_family_arm_m3_Timer_start__E)
                  2000848c    00000054     ti.targets.arm.rtsarm.aem4 : Assert.oem4 (.text:xdc_runtime_Assert_raise__I)
                  200084e0    00000050                                : Startup.oem4 (.text:xdc_runtime_Startup_exec__E)
                  20008530    00000050                                : Text.oem4 (.text:xdc_runtime_Text_visitRope2__I)
                  20008580    0000004c     rtsv7M4_T_le_eabi.lib : cpy_tbl.obj (.text)
                  200085cc    0000004c     sysbios.aem4 : m3_TaskSupport_asm.obj (.text:ti_sysbios_family_arm_m3_TaskSupport_buildTaskStack)
                  20008618    0000004c                  : BIOS.obj (.text:ti_sysbios_heaps_HeapMem_getStats__E)
                  20008664    00000004     --HOLE-- [fill = 0]
                  20008668    0000004c                  : BIOS.obj (.text:ti_sysbios_knl_Swi_runLoop__I)
                  200086b4    00000004     --HOLE-- [fill = 0]
                  200086b8    0000004c                  : BIOS.obj (.text:ti_sysbios_knl_Task_allBlockedFunction__I)
                  20008704    00000004     --HOLE-- [fill = 0]
                  20008708    00000048                  : BIOS.obj (.text:ti_sysbios_family_arm_m3_Hwi_disableInterrupt__E)
                  20008750    00000048                  : BIOS.obj (.text:ti_sysbios_family_arm_m3_Hwi_enableInterrupt__E)
                  20008798    00000048                  : BIOS.obj (.text:ti_sysbios_family_arm_m3_Hwi_excReserved__I)
                  200087e0    00000048                  : m3_Hwi_asm_switch.obj (.text:ti_sysbios_family_arm_m3_Hwi_initStacks__E)
                  20008828    00000048                  : BIOS.obj (.text:ti_sysbios_family_arm_m3_Timer_initDevice__I)
                  20008870    00000046     ti.targets.arm.rtsarm.aem4 : Core-params.oem4 (.text:xdc_runtime_Core_assignParams__I)
                  200088b6    00000002     --HOLE-- [fill = 0]
                  200088b8    00000044     boot.aem4 : boot.oem4 (.text)
                  200088fc    00000044     rtsv7M4_T_le_eabi.lib : exit.obj (.text)
                  20008940    00000044     sysbios.aem4 : BIOS.obj (.text:ti_sysbios_family_arm_m3_Hwi_getStackInfo__E)
                  20008984    00000044     ti.targets.arm.rtsarm.aem4 : Error.oem4 (.text:xdc_runtime_Error_setX__E)
                  200089c8    00000044                                : LoggerBuf.oem4 (.text:xdc_runtime_LoggerBuf_filterOutEvent__I)
                  20008a0c    00000044                                : SysMin.oem4 (.text:xdc_runtime_SysMin_flush__E)
                  20008a50    00000044                                : Text.oem4 (.text:xdc_runtime_Text_xprintf__I)
                  20008a94    00000042     rtsv7M4_T_le_eabi.lib : u_divt2.obj (.text)
                  20008ad6    00000002     --HOLE-- [fill = 0]
                  20008ad8    00000040     sysbios.aem4 : BIOS.obj (.text:ti_sysbios_family_arm_m3_Timer_Module_startup__E)
                  20008b18    0000003c                  : BIOS.obj (.text:ti_sysbios_family_arm_m3_Hwi_excSvCall__I)
                  20008b54    00000004     --HOLE-- [fill = 0]
                  20008b58    0000003c                  : BIOS.obj (.text:ti_sysbios_family_arm_m3_TaskSupport_start__E)
                  20008b94    00000004     --HOLE-- [fill = 0]
                  20008b98    0000003c                  : BIOS.obj (.text:ti_sysbios_heaps_HeapMem_init__I)
                  20008bd4    00000004     --HOLE-- [fill = 0]
                  20008bd8    0000003c                  : BIOS.obj (.text:ti_sysbios_knl_Swi_startup__E)
                  20008c14    0000003a     ti.targets.arm.rtsarm.aem4 : LoggerBuf.oem4 (.text:xdc_runtime_LoggerBuf_Instance_init__E)
                  20008c4e    00000002     --HOLE-- [fill = 0]
                  20008c50    00000038     sysbios.aem4 : BIOS.obj (.text:ti_sysbios_family_arm_m3_Hwi_excNoIsr__I)
                  20008c88    00000038                  : BIOS.obj (.text:ti_sysbios_knl_Task_processVitalTaskFlag__I)
                  20008cc0    00000038     ti.targets.arm.rtsarm.aem4 : SysMin.oem4 (.text:xdc_runtime_SysMin_putch__E)
                  20008cf8    00000038                                : System.oem4 (.text:xdc_runtime_System_atexit__E)
                  20008d30    00000034     sysbios.aem4 : BIOS.obj (.text:ti_sysbios_family_arm_m3_Hwi_excNmi__I)
                  20008d64    00000004     --HOLE-- [fill = 0]
                  20008d68    00000034                  : BIOS.obj (.text:ti_sysbios_family_arm_m3_Timer_periodicStub__I)
                  20008d9c    00000004     --HOLE-- [fill = 0]
                  20008da0    00000034                  : BIOS.obj (.text:ti_sysbios_hal_Hwi_checkStack)
                  20008dd4    00000034     ti.targets.arm.rtsarm.aem4 : Core-label.oem4 (.text:xdc_runtime_Core_assignLabel__I)
                  20008e08    00000033                                : Text.oem4 (.text:xdc_runtime_Text_printVisFxn__I)
                  20008e3b    00000005     --HOLE-- [fill = 0]
                  20008e40    00000032     sysbios.aem4 : BIOS.obj (.text:ti_sysbios_hal_Hwi_initStack)
                  20008e72    00000006     ti.targets.arm.rtsarm.aem4 : System.oem4 (.text:xdc_runtime_System_Module_startup__E)
                  20008e78    00000032     sysbios.aem4 : BIOS.obj (.text:ti_sysbios_knl_Semaphore_pendTimeout__I)
                  20008eaa    00000002     --HOLE-- [fill = 0]
                  20008eac    00000030     app_pem4.oem4 (.text:ti_sysbios_BIOS_atExitFunc__I)
                  20008edc    00000030     app_pem4.oem4 (.text:ti_sysbios_gates_GateHwi_Object__create__S)
                  20008f0c    00000030     app_pem4.oem4 (.text:ti_sysbios_gates_GateMutex_Object__create__S)
                  20008f3c    00000030     app_pem4.oem4 (.text:ti_sysbios_heaps_HeapMem_Object__create__S)
                  20008f6c    00000030     app_pem4.oem4 (.text:ti_sysbios_knl_Semaphore_construct)
                  20008f9c    00000030     ti.targets.arm.rtsarm.aem4 : SysMin.oem4 (.text:xdc_runtime_SysMin_abort__E)
                  20008fcc    00000030                                : System.oem4 (.text:xdc_runtime_System_processAtExit__E)
                  20008ffc    0000002c     app_pem4.oem4 (.text:ti_sysbios_knl_Clock_doTick__I)
                  20009028    0000002c     app_pem4.oem4 (.text:ti_sysbios_knl_Queue_construct)
                  20009054    00000004     --HOLE-- [fill = 0]
                  20009058    0000002c     sysbios.aem4 : BIOS.obj (.text:ti_sysbios_knl_Task_restore__E)
                  20009084    0000002c     ti.targets.arm.rtsarm.aem4 : Text.oem4 (.text:xdc_runtime_Text_cordText__E)
                  200090b0    0000002a                                : System.oem4 (.text:xdc_runtime_System_putchar__I)
                  200090da    00000006     --HOLE-- [fill = 0]
                  200090e0    00000028     sysbios.aem4 : BIOS.obj (.text:ti_sysbios_knl_Swi_Module_startup__E)
                  20009108    00000028     ti.targets.arm.rtsarm.aem4 : LoggerBuf.oem4 (.text:xdc_runtime_LoggerBuf_Module_startup__E)
                  20009130    00000026                                : System.oem4 (.text:xdc_runtime_System_avprintf__E)
                  20009156    00000002     --HOLE-- [fill = 0]
                  20009158    00000024     app_pem4.oem4 (.text:ti_sysbios_BIOS_errorRaiseHook__I)
                  2000917c    00000024     app_pem4.oem4 (.text:ti_sysbios_BIOS_registerRTSLock__I)
                  200091a0    00000024     app_pem4.oem4 (.text:ti_sysbios_BIOS_removeRTSLock__I)
                  200091c4    00000024     app_pem4.oem4 (.text:ti_sysbios_BIOS_startFunc__I)
                  200091e8    00000024     sysbios.aem4 : BIOS.obj (.text:ti_sysbios_family_arm_m3_Hwi_doTaskRestore__I)
                  2000920c    00000004     --HOLE-- [fill = 0]
                  20009210    00000024                  : BIOS.obj (.text:ti_sysbios_family_arm_m3_Timer_startup__E)
                  20009234    00000024     app_pem4.oem4 (.text:ti_sysbios_gates_GateMutex_Object__delete__S)
                  20009258    00000024     sysbios.aem4 : BIOS.obj (.text:ti_sysbios_knl_Clock_Module_startup__E)
                  2000927c    00000024     ti.targets.arm.rtsarm.aem4 : System.oem4 (.text:xdc_runtime_System_vprintf__E)
                  200092a0    00000022     app_pem4.oem4 (.text:xdc_runtime_SysMin_output__I)
                  200092c2    00000002     --HOLE-- [fill = 0]
                  200092c4    00000020     app_pem4.oem4 (.text:ti_sysbios_BIOS_rtsLock__I)
                  200092e4    00000020     sysbios.aem4 : m3_Hwi_asm.obj (.text:ti_sysbios_family_arm_m3_Hwi_excHandlerAsm__I)
                  20009304    00000004     --HOLE-- [fill = 0]
                  20009308    00000020                  : BIOS.obj (.text:ti_sysbios_family_arm_m3_Hwi_excHandler__I)
                  20009328    00000020                  : BIOS.obj (.text:ti_sysbios_family_arm_m3_TimestampProvider_Module_startup__E)
                  20009348    00000020     app_pem4.oem4 (.text:ti_sysbios_gates_GateHwi_Object__delete__S)
                  20009368    00000020     app_pem4.oem4 (.text:ti_sysbios_heaps_HeapMem_Object__delete__S)
                  20009388    00000020     sysbios.aem4 : BIOS.obj (.text:ti_sysbios_knl_Idle_run__E)
                  200093a8    00000020     app_pem4.oem4 (.text:ti_sysbios_knl_Semaphore_Object__destruct__S)
                  200093c8    00000020     app_pem4.oem4 (.text:xdc_runtime_LoggerBuf_Object__delete__S)
                  200093e8    00000020     ti.targets.arm.rtsarm.aem4 : LoggerBuf.oem4 (.text:xdc_runtime_LoggerBuf_reset__E)
                  20009408    00000020                                : Registry.oem4 (.text:xdc_runtime_Registry_findById__E)
                  20009428    00000020                                : SysMin.oem4 (.text:xdc_runtime_SysMin_Module_startup__E)
                  20009448    0000001e     sysbios.aem4 : m3_Hwi_asm_switch.obj (.text:ti_sysbios_family_xxx_Hwi_switchAndRunFunc)
                  20009466    00000002     --HOLE-- [fill = 0]
                  20009468    0000001c                  : BIOS.obj (.text:ti_sysbios_gates_GateMutex_Instance_init__E)
                  20009484    0000001c     app_pem4.oem4 (.text:ti_sysbios_knl_Queue_Object__destruct__S)
                  200094a0    0000001c     sysbios.aem4 : BIOS.obj (.text:ti_sysbios_knl_Task_enter__I)
                  200094bc    0000001c     ti.targets.arm.rtsarm.aem4 : Error.oem4 (.text:xdc_runtime_Error_raiseX__E)
                  200094d8    0000001c                                : Memory.oem4 (.text:xdc_runtime_Memory_valloc__E)
                  200094f4    0000001c                                : SysMin.oem4 (.text:xdc_runtime_SysMin_exit__E)
                  20009510    0000001c                                : System.oem4 (.text:xdc_runtime_System_abort__E)
                  2000952c    0000001a     app_pem4.oem4 (.text:ti_sysbios_family_arm_m3_Hwi_Handle__label__S)
                  20009546    0000001a     sysbios.aem4 : m3_Hwi_asm.obj (.text:ti_sysbios_family_arm_m3_Hwi_pendSV__I)
                  20009560    0000001a     app_pem4.oem4 (.text:ti_sysbios_gates_GateHwi_Handle__label__S)
                  2000957a    0000001a     app_pem4.oem4 (.text:ti_sysbios_gates_GateMutex_Handle__label__S)
                  20009594    0000001a     app_pem4.oem4 (.text:ti_sysbios_heaps_HeapMem_Handle__label__S)
                  200095ae    0000001a     app_pem4.oem4 (.text:ti_sysbios_knl_Swi_Handle__label__S)
                  200095c8    0000001a     app_pem4.oem4 (.text:ti_sysbios_knl_Task_Handle__label__S)
                  200095e2    00000006     --HOLE-- [fill = 0]
                  200095e8    0000001a     sysbios.aem4 : BIOS.obj (.text:ti_sysbios_knl_Task_sleepTimeout__I)
                  20009602    0000001a     app_pem4.oem4 (.text:xdc_runtime_LoggerBuf_Handle__label__S)
                  2000961c    0000001a     app_pem4.oem4 (.text:xdc_runtime_System_aprintf__E)
                  20009636    0000001a     app_pem4.oem4 (.text:xdc_runtime_System_printf__E)
                  20009650    00000018     rtsv7M4_T_le_eabi.lib : args_main.obj (.text)
                  20009668    00000018     app_pem4.oem4 (.text:ti_sysbios_BIOS_rtsUnlock__I)
                  20009680    00000018     app_pem4.oem4 (.text:ti_sysbios_family_arm_m3_Hwi_Module__startupDone__F)
                  20009698    00000018     app_pem4.oem4 (.text:ti_sysbios_family_arm_m3_Timer_Module__startupDone__F)
                  200096b0    00000018     sysbios.aem4 : BIOS.obj (.text:ti_sysbios_gates_GateMutex_leave__E)
                  200096c8    00000018     ti.targets.arm.rtsarm.aem4 : Error.oem4 (.text:xdc_runtime_Error_check__E)
                  200096e0    00000018                                : System.oem4 (.text:xdc_runtime_System_exit__E)
                  200096f8    00000018                                : Text.oem4 (.text:xdc_runtime_Text_ropeText__E)
                  20009710    00000016     app_pem4.oem4 (.text:ti_sysbios_BIOS_exitFunc__I)
                  20009726    00000002     --HOLE-- [fill = 0]
                  20009728    00000014     rtsv7M4_T_le_eabi.lib : _lock.obj (.text)
                  2000973c    00000014                           : strcpy.obj (.text)
                  20009750    00000014                           : strlen.obj (.text)
                  20009764    00000014     app_pem4.oem4 (.text:ti_sysbios_family_arm_m3_Hwi_Object__get__S)
                  20009778    00000014     sysbios.aem4 : BIOS.obj (.text:ti_sysbios_family_arm_m3_Hwi_switchFromBootStack__E)
                  2000978c    00000014     app_pem4.oem4 (.text:ti_sysbios_heaps_HeapMem_Object__get__S)
                  200097a0    00000014     app_pem4.oem4 (.text:ti_sysbios_knl_Swi_Object__get__S)
                  200097b4    00000014     app_pem4.oem4 (.text:xdc_runtime_LoggerBuf_Object__get__S)
                  200097c8    00000012     sysbios.aem4 : BIOS.obj (.text:ti_sysbios_hal_Hwi_Module_startup__E)
                  200097da    00000012     ti.targets.arm.rtsarm.aem4 : LoggerBuf.oem4 (.text:xdc_runtime_LoggerBuf_Instance_finalize__E)
                  200097ec    00000012                                : LoggerBuf.oem4 (.text:xdc_runtime_LoggerBuf_write1__E)
                  200097fe    00000012                                : LoggerBuf.oem4 (.text:xdc_runtime_LoggerBuf_write2__E)
                  20009810    00000012     app_pem4.oem4 (.text:xdc_runtime_Startup_exec__I)
                  20009822    00000006     --HOLE-- [fill = 0]
                  20009828    00000010     sysbios.aem4 : BIOS.obj (.text:ti_sysbios_BIOS_exit__E)
                  20009838    00000010                  : BIOS.obj (.text:ti_sysbios_BIOS_setThreadType__E)
                  20009848    00000010                  : BIOS.obj (.text:ti_sysbios_BIOS_start__E)
                  20009858    00000010                  : m3_TaskSupport_asm.obj (.text:ti_sysbios_family_arm_m3_TaskSupport_glue)
                  20009868    00000010                  : m3_TaskSupport_asm.obj (.text:ti_sysbios_family_arm_m3_TaskSupport_swap__E)
                  20009878    00000010                  : BIOS.obj (.text:ti_sysbios_gates_GateMutex_Instance_finalize__E)
                  20009888    00000010                  : BIOS.obj (.text:ti_sysbios_knl_Semaphore_Instance_finalize__E)
                  20009898    00000010                  : BIOS.obj (.text:ti_sysbios_knl_Swi_disable__E)
                  200098a8    00000010     app_pem4.oem4 (.text:ti_sysbios_knl_Task_Object__get__S)
                  200098b8    00000010     sysbios.aem4 : BIOS.obj (.text:ti_sysbios_knl_Task_disable__E)
                  200098c8    00000010     ti.targets.arm.rtsarm.aem4 : Gate.oem4 (.text:xdc_runtime_Gate_leaveSystem__E)
                  200098d8    00000010                                : LoggerBuf.oem4 (.text:xdc_runtime_LoggerBuf_write0__E)
                  200098e8    00000010                                : Memory.oem4 (.text:xdc_runtime_Memory_free__E)
                  200098f8    00000010                                : SysMin.oem4 (.text:xdc_runtime_SysMin_ready__E)
                  20009908    00000010                                : System.oem4 (.text:xdc_runtime_System_vsnprintf__E)
                  20009918    00000010     app_pem4.oem4 (.text:xdc_runtime_Text_visitRope__I)
                  20009928    0000000e     rtsv7M4_T_le_eabi.lib : copy_decompress_none.obj (.text:decompress:none)
                  20009936    00000002     --HOLE-- [fill = 0]
                  20009938    0000000e     sysbios.aem4 : BIOS.obj (.text:ti_sysbios_knl_Idle_loop__E)
                  20009946    00000002     --HOLE-- [fill = 0]
                  20009948    0000000e                  : BIOS.obj (.text:ti_sysbios_knl_Queue_empty__E)
                  20009956    0000000c     rtsv7M4_T_le_eabi.lib : copy_zero_init.obj (.text:decompress:ZI)
                  20009962    00000006     --HOLE-- [fill = 0]
                  20009968    0000000c     sysbios.aem4 : BIOS.obj (.text:ti_sysbios_family_arm_m3_TaskSupport_checkStack__E)
                  20009974    00000004     --HOLE-- [fill = 0]
                  20009978    0000000c                  : BIOS.obj (.text:ti_sysbios_family_arm_m3_TaskSupport_getStackAlignment__E)
                  20009984    00000004     --HOLE-- [fill = 0]
                  20009988    0000000c                  : BIOS.obj (.text:ti_sysbios_gates_GateHwi_enter__E)
                  20009994    0000000c     app_pem4.oem4 (.text:ti_sysbios_knl_Queue_Object__get__S)
                  200099a0    0000000c     ti.targets.arm.rtsarm.aem4 : Error.oem4 (.text:xdc_runtime_Error_init__E)
                  200099ac    0000000c                                : Gate.oem4 (.text:xdc_runtime_Gate_enterSystem__E)
                  200099b8    0000000c                                : Memory.oem4 (.text:xdc_runtime_Memory_calloc__E)
                  200099c4    0000000c                                : Memory.oem4 (.text:xdc_runtime_Memory_getMaxDefaultTypeAlign__E)
                  200099d0    0000000a     app_pem4.oem4 (.text:xdc_runtime_IHeap_alloc)
                  200099da    0000000a     app_pem4.oem4 (.text:xdc_runtime_IHeap_free)
                  200099e4    0000000a     ti.targets.arm.rtsarm.aem4 : LoggerBuf.oem4 (.text:xdc_runtime_LoggerBuf_disable__E)
                  200099ee    0000000a                                : LoggerBuf.oem4 (.text:xdc_runtime_LoggerBuf_enable__E)
                  200099f8    00000008     sysbios.aem4 : BIOS.obj (.text:ti_sysbios_family_arm_m3_Hwi_doSwiRestore__I)
                  20009a00    00000008                  : BIOS.obj (.text:ti_sysbios_family_arm_m3_Hwi_startup__E)
                  20009a08    00000006                  : BIOS.obj (.text:ti_sysbios_gates_GateHwi_leave__E)
                  20009a0e    00000002     --HOLE-- [fill = 0]
                  20009a10    00000006                  : BIOS.obj (.text:ti_sysbios_heaps_HeapMem_isBlocking__E)
                  20009a16    00000002     --HOLE-- [fill = 0]
                  20009a18    00000006                  : BIOS.obj (.text:ti_sysbios_knl_Queue_Instance_init__E)
                  20009a1e    00000002     --HOLE-- [fill = 0]
                  20009a20    00000004                  : BIOS.obj (.text:ti_sysbios_family_arm_m3_Timer_getMaxTicks__E)
                  20009a24    00000004     --HOLE-- [fill = 0]
                  20009a28    00000004                  : BIOS.obj (.text:ti_sysbios_gates_GateHwi_query__E)
                  20009a2c    00000004     --HOLE-- [fill = 0]
                  20009a30    00000004                  : BIOS.obj (.text:ti_sysbios_gates_GateMutex_query__E)
                  20009a34    00000004     --HOLE-- [fill = 0]
                  20009a38    00000004                  : BIOS.obj (.text:ti_sysbios_knl_Task_startup__E)
                  20009a3c    00000004     --HOLE-- [fill = 0]
                  20009a40    00000002                  : BIOS.obj (.text:ti_sysbios_gates_GateHwi_Instance_init__E)

.const     0    20009a44    00001d2e     
                  20009a44    000016d1     app_pem4.oem4 (.const:xdc_runtime_Text_charTab__A)
                  2000b115    00000001     app_pem4.oem4 (.const:xdc_runtime_Error_policy__C)
                  2000b116    000000a8     app_pem4.oem4 (.const:xdc_runtime_Text_nodeTab__A)
                  2000b1be    00000002     app_pem4.oem4 (.const:ti_sysbios_family_arm_m3_Hwi_Module__id__C)
                  2000b1c0    00000048     app_pem4.oem4 (.const:.string)
                  2000b208    0000003c     app_pem4.oem4 (.const:ti_sysbios_knl_Task_Object__PARAMS__C)
                  2000b244    0000003c     app_pem4.oem4 (.const:xdc_runtime_LoggerBuf_Module__FXNS__C)
                  2000b280    00000028     app_pem4.oem4 (.const:ti_sysbios_heaps_HeapMem_Module__FXNS__C)
                  2000b2a8    00000028     app_pem4.oem4 (.const:xdc_runtime_Startup_sfxnTab__A)
                  2000b2d0    00000024     app_pem4.oem4 (.const:ti_sysbios_gates_GateHwi_Module__FXNS__C)
                  2000b2f4    00000024     app_pem4.oem4 (.const:ti_sysbios_gates_GateMutex_Module__FXNS__C)
                  2000b318    00000024     app_pem4.oem4 (.const:ti_sysbios_heaps_HeapMem_Object__PARAMS__C)
                  2000b33c    00000024     app_pem4.oem4 (.const:ti_sysbios_knl_Semaphore_Object__PARAMS__C)
                  2000b360    00000024     app_pem4.oem4 (.const:xdc_runtime_LoggerBuf_Object__PARAMS__C)
                  2000b384    00000020     app_pem4.oem4 (.const:ti_sysbios_gates_GateHwi_Object__DESC__C)
                  2000b3a4    00000020     app_pem4.oem4 (.const:ti_sysbios_gates_GateMutex_Object__DESC__C)
                  2000b3c4    00000020     app_pem4.oem4 (.const:ti_sysbios_heaps_HeapMem_Object__DESC__C)
                  2000b3e4    00000020     app_pem4.oem4 (.const:ti_sysbios_knl_Queue_Object__DESC__C)
                  2000b404    00000020     app_pem4.oem4 (.const:ti_sysbios_knl_Semaphore_Object__DESC__C)
                  2000b424    00000020     app_pem4.oem4 (.const:ti_sysbios_knl_Task_Object__DESC__C)
                  2000b444    00000020     app_pem4.oem4 (.const:xdc_runtime_LoggerBuf_Object__DESC__C)
                  2000b464    00000018     app_pem4.oem4 (.const:ti_sysbios_gates_GateHwi_Object__PARAMS__C)
                  2000b47c    00000018     app_pem4.oem4 (.const:ti_sysbios_gates_GateMutex_Object__PARAMS__C)
                  2000b494    00000018     app_pem4.oem4 (.const:ti_sysbios_knl_Queue_Object__PARAMS__C)
                  2000b4ac    00000014     app_pem4.oem4 (.const:xdc_runtime_Startup_sfxnRts__A)
                  2000b4c0    00000011     ti.targets.arm.rtsarm.aem4 : System.oem4 (.const:.string)
                  2000b4d1    00000001     --HOLE-- [fill = 0]
                  2000b4d2    00000002     app_pem4.oem4 (.const:ti_sysbios_family_arm_m3_Hwi_Module__loggerDefined__C)
                  2000b4d4    0000000c     app_pem4.oem4 (.const:xdc_runtime_Startup_firstFxns__A)
                  2000b4e0    00000008     app_pem4.oem4 (.const:ti_sysbios_family_arm_m3_Hwi_excHookFuncs__A)
                  2000b4e8    00000008     app_pem4.oem4 (.const:ti_sysbios_knl_Idle_funcList__C)
                  2000b4f0    00000008     app_pem4.oem4 (.const:xdc_runtime_Startup_firstFxns__C)
                  2000b4f8    00000008     app_pem4.oem4 (.const:xdc_runtime_Startup_lastFxns__C)
                  2000b500    00000004     app_pem4.oem4 (.const:ti_sysbios_family_arm_m3_Hwi_E_NMI__C)
                  2000b504    00000004     app_pem4.oem4 (.const:ti_sysbios_family_arm_m3_Hwi_E_busFault__C)
                  2000b508    00000004     app_pem4.oem4 (.const:ti_sysbios_family_arm_m3_Hwi_E_debugMon__C)
                  2000b50c    00000004     app_pem4.oem4 (.const:ti_sysbios_family_arm_m3_Hwi_E_hardFault__C)
                  2000b510    00000004     app_pem4.oem4 (.const:ti_sysbios_family_arm_m3_Hwi_E_memFault__C)
                  2000b514    00000004     app_pem4.oem4 (.const:ti_sysbios_family_arm_m3_Hwi_E_noIsr__C)
                  2000b518    00000004     app_pem4.oem4 (.const:ti_sysbios_family_arm_m3_Hwi_E_reserved__C)
                  2000b51c    00000004     app_pem4.oem4 (.const:ti_sysbios_family_arm_m3_Hwi_E_svCall__C)
                  2000b520    00000004     app_pem4.oem4 (.const:ti_sysbios_family_arm_m3_Hwi_E_usageFault__C)
                  2000b524    00000004     app_pem4.oem4 (.const:ti_sysbios_family_arm_m3_Hwi_LD_end__C)
                  2000b528    00000004     app_pem4.oem4 (.const:ti_sysbios_family_arm_m3_Hwi_LM_begin__C)
                  2000b52c    00000004     app_pem4.oem4 (.const:ti_sysbios_family_arm_m3_Hwi_Module__diagsEnabled__C)
                  2000b530    00000004     app_pem4.oem4 (.const:ti_sysbios_family_arm_m3_Hwi_Module__diagsIncluded__C)
                  2000b534    00000004     app_pem4.oem4 (.const:ti_sysbios_family_arm_m3_Hwi_Module__diagsMask__C)
                  2000b538    00000004     app_pem4.oem4 (.const:ti_sysbios_family_arm_m3_Hwi_Module__loggerFxn1__C)
                  2000b53c    00000004     app_pem4.oem4 (.const:ti_sysbios_family_arm_m3_Hwi_Module__loggerFxn8__C)
                  2000b540    00000004     app_pem4.oem4 (.const:ti_sysbios_family_arm_m3_Hwi_Module__loggerObj__C)
                  2000b544    00000004     app_pem4.oem4 (.const:ti_sysbios_family_arm_m3_Hwi_NUM_INTERRUPTS__C)
                  2000b548    00000004     app_pem4.oem4 (.const:ti_sysbios_family_arm_m3_Hwi_Object__count__C)
                  2000b54c    00000004     app_pem4.oem4 (.const:ti_sysbios_family_arm_m3_Hwi_ccr__C)
                  2000b550    00000004     app_pem4.oem4 (.const:ti_sysbios_family_arm_m3_Hwi_excHandlerFunc__C)
                  2000b554    00000004     app_pem4.oem4 (.const:ti_sysbios_family_arm_m3_Hwi_excHookFuncs__C)
                  2000b558    00000004     app_pem4.oem4 (.const:ti_sysbios_family_arm_m3_Hwi_nullIsrFunc__C)
                  2000b55c    00000004     app_pem4.oem4 (.const:ti_sysbios_family_arm_m3_Hwi_priGroup__C)
                  2000b560    00000004     app_pem4.oem4 (.const:ti_sysbios_family_arm_m3_TaskSupport_stackAlignment__C)
                  2000b564    00000004     app_pem4.oem4 (.const:ti_sysbios_family_arm_m3_Timer_E_cannotSupport__C)
                  2000b568    00000004     app_pem4.oem4 (.const:ti_sysbios_family_arm_m3_Timer_startupNeeded__C)
                  2000b56c    00000004     app_pem4.oem4 (.const:ti_sysbios_gates_GateMutex_A_badContext__C)
                  2000b570    00000004     app_pem4.oem4 (.const:ti_sysbios_gates_GateMutex_Instance_State_sem__O)
                  2000b574    00000004     app_pem4.oem4 (.const:ti_sysbios_gates_GateMutex_Module__diagsEnabled__C)
                  2000b578    00000004     app_pem4.oem4 (.const:ti_sysbios_gates_GateMutex_Module__diagsIncluded__C)
                  2000b57c    00000004     app_pem4.oem4 (.const:ti_sysbios_gates_GateMutex_Module__diagsMask__C)
                  2000b580    00000004     app_pem4.oem4 (.const:ti_sysbios_hal_Hwi_E_stackOverflow__C)
                  2000b584    00000004     app_pem4.oem4 (.const:ti_sysbios_heaps_HeapMem_A_align__C)
                  2000b588    00000004     app_pem4.oem4 (.const:ti_sysbios_heaps_HeapMem_A_heapSize__C)
                  2000b58c    00000004     app_pem4.oem4 (.const:ti_sysbios_heaps_HeapMem_A_invalidFree__C)
                  2000b590    00000004     app_pem4.oem4 (.const:ti_sysbios_heaps_HeapMem_A_zeroBlock__C)
                  2000b594    00000004     app_pem4.oem4 (.const:ti_sysbios_heaps_HeapMem_E_memory__C)
                  2000b598    00000004     app_pem4.oem4 (.const:ti_sysbios_heaps_HeapMem_Module__diagsEnabled__C)
                  2000b59c    00000004     app_pem4.oem4 (.const:ti_sysbios_heaps_HeapMem_Module__diagsIncluded__C)
                  2000b5a0    00000004     app_pem4.oem4 (.const:ti_sysbios_heaps_HeapMem_Module__diagsMask__C)
                  2000b5a4    00000004     app_pem4.oem4 (.const:ti_sysbios_heaps_HeapMem_Module__gateObj__C)
                  2000b5a8    00000004     app_pem4.oem4 (.const:ti_sysbios_heaps_HeapMem_Object__count__C)
                  2000b5ac    00000004     app_pem4.oem4 (.const:ti_sysbios_heaps_HeapMem_reqAlign__C)
                  2000b5b0    00000004     app_pem4.oem4 (.const:ti_sysbios_knl_Clock_LM_begin__C)
                  2000b5b4    00000004     app_pem4.oem4 (.const:ti_sysbios_knl_Clock_LM_tick__C)
                  2000b5b8    00000004     app_pem4.oem4 (.const:ti_sysbios_knl_Clock_LW_delayed__C)
                  2000b5bc    00000004     app_pem4.oem4 (.const:ti_sysbios_knl_Clock_Module_State_clockQ__O)
                  2000b5c0    00000004     app_pem4.oem4 (.const:ti_sysbios_knl_Clock_Module__diagsEnabled__C)
                  2000b5c4    00000004     app_pem4.oem4 (.const:ti_sysbios_knl_Clock_Module__diagsIncluded__C)
                  2000b5c8    00000004     app_pem4.oem4 (.const:ti_sysbios_knl_Clock_Module__diagsMask__C)
                  2000b5cc    00000004     app_pem4.oem4 (.const:ti_sysbios_knl_Clock_Module__loggerFxn1__C)
                  2000b5d0    00000004     app_pem4.oem4 (.const:ti_sysbios_knl_Clock_Module__loggerFxn2__C)
                  2000b5d4    00000004     app_pem4.oem4 (.const:ti_sysbios_knl_Clock_Module__loggerObj__C)
                  2000b5d8    00000004     app_pem4.oem4 (.const:ti_sysbios_knl_Idle_funcList__A)
                  2000b5dc    00000004     app_pem4.oem4 (.const:ti_sysbios_knl_Semaphore_A_badContext__C)
                  2000b5e0    00000004     app_pem4.oem4 (.const:ti_sysbios_knl_Semaphore_A_noEvents__C)
                  2000b5e4    00000004     app_pem4.oem4 (.const:ti_sysbios_knl_Semaphore_A_overflow__C)
                  2000b5e8    00000004     app_pem4.oem4 (.const:ti_sysbios_knl_Semaphore_A_pendTaskDisabled__C)
                  2000b5ec    00000004     app_pem4.oem4 (.const:ti_sysbios_knl_Semaphore_Instance_State_pendQ__O)
                  2000b5f0    00000004     app_pem4.oem4 (.const:ti_sysbios_knl_Semaphore_LM_pend__C)
                  2000b5f4    00000004     app_pem4.oem4 (.const:ti_sysbios_knl_Semaphore_LM_post__C)
                  2000b5f8    00000004     app_pem4.oem4 (.const:ti_sysbios_knl_Semaphore_Module__diagsEnabled__C)
                  2000b5fc    00000004     app_pem4.oem4 (.const:ti_sysbios_knl_Semaphore_Module__diagsIncluded__C)
                  2000b600    00000004     app_pem4.oem4 (.const:ti_sysbios_knl_Semaphore_Module__diagsMask__C)
                  2000b604    00000004     app_pem4.oem4 (.const:ti_sysbios_knl_Semaphore_Module__loggerFxn2__C)
                  2000b608    00000004     app_pem4.oem4 (.const:ti_sysbios_knl_Semaphore_Module__loggerFxn4__C)
                  2000b60c    00000004     app_pem4.oem4 (.const:ti_sysbios_knl_Semaphore_Module__loggerObj__C)
                  2000b610    00000004     app_pem4.oem4 (.const:ti_sysbios_knl_Swi_LD_end__C)
                  2000b614    00000004     app_pem4.oem4 (.const:ti_sysbios_knl_Swi_LM_begin__C)
                  2000b618    00000004     app_pem4.oem4 (.const:ti_sysbios_knl_Swi_LM_post__C)
                  2000b61c    00000004     app_pem4.oem4 (.const:ti_sysbios_knl_Swi_Module__diagsEnabled__C)
                  2000b620    00000004     app_pem4.oem4 (.const:ti_sysbios_knl_Swi_Module__diagsIncluded__C)
                  2000b624    00000004     app_pem4.oem4 (.const:ti_sysbios_knl_Swi_Module__diagsMask__C)
                  2000b628    00000004     app_pem4.oem4 (.const:ti_sysbios_knl_Swi_Module__loggerFxn1__C)
                  2000b62c    00000004     app_pem4.oem4 (.const:ti_sysbios_knl_Swi_Module__loggerFxn4__C)
                  2000b630    00000004     app_pem4.oem4 (.const:ti_sysbios_knl_Swi_Module__loggerObj__C)
                  2000b634    00000004     app_pem4.oem4 (.const:ti_sysbios_knl_Swi_Object__count__C)
                  2000b638    00000004     app_pem4.oem4 (.const:ti_sysbios_knl_Task_A_badPriority__C)
                  2000b63c    00000004     app_pem4.oem4 (.const:ti_sysbios_knl_Task_A_badTaskState__C)
                  2000b640    00000004     app_pem4.oem4 (.const:ti_sysbios_knl_Task_A_badThreadType__C)
                  2000b644    00000004     app_pem4.oem4 (.const:ti_sysbios_knl_Task_A_badTimeout__C)
                  2000b648    00000004     app_pem4.oem4 (.const:ti_sysbios_knl_Task_A_noPendElem__C)
                  2000b64c    00000004     app_pem4.oem4 (.const:ti_sysbios_knl_Task_A_sleepTaskDisabled__C)
                  2000b650    00000004     app_pem4.oem4 (.const:ti_sysbios_knl_Task_E_spOutOfBounds__C)
                  2000b654    00000004     app_pem4.oem4 (.const:ti_sysbios_knl_Task_E_stackOverflow__C)
                  2000b658    00000004     app_pem4.oem4 (.const:ti_sysbios_knl_Task_LD_block__C)
                  2000b65c    00000004     app_pem4.oem4 (.const:ti_sysbios_knl_Task_LD_exit__C)
                  2000b660    00000004     app_pem4.oem4 (.const:ti_sysbios_knl_Task_LD_ready__C)
                  2000b664    00000004     app_pem4.oem4 (.const:ti_sysbios_knl_Task_LM_sleep__C)
                  2000b668    00000004     app_pem4.oem4 (.const:ti_sysbios_knl_Task_LM_switch__C)
                  2000b66c    00000004     app_pem4.oem4 (.const:ti_sysbios_knl_Task_Module_State_inactiveQ__O)
                  2000b670    00000004     app_pem4.oem4 (.const:ti_sysbios_knl_Task_Module__diagsEnabled__C)
                  2000b674    00000004     app_pem4.oem4 (.const:ti_sysbios_knl_Task_Module__diagsIncluded__C)
                  2000b678    00000004     app_pem4.oem4 (.const:ti_sysbios_knl_Task_Module__diagsMask__C)
                  2000b67c    00000004     app_pem4.oem4 (.const:ti_sysbios_knl_Task_Module__loggerFxn2__C)
                  2000b680    00000004     app_pem4.oem4 (.const:ti_sysbios_knl_Task_Module__loggerFxn4__C)
                  2000b684    00000004     app_pem4.oem4 (.const:ti_sysbios_knl_Task_Module__loggerObj__C)
                  2000b688    00000004     app_pem4.oem4 (.const:ti_sysbios_knl_Task_Object__count__C)
                  2000b68c    00000004     app_pem4.oem4 (.const:ti_sysbios_knl_Task_allBlockedFunc__C)
                  2000b690    00000004     app_pem4.oem4 (.const:ti_sysbios_knl_Task_defaultStackHeap__C)
                  2000b694    00000004     app_pem4.oem4 (.const:ti_sysbios_knl_Task_defaultStackSize__C)
                  2000b698    00000004     app_pem4.oem4 (.const:ti_sysbios_knl_Task_numConstructedTasks__C)
                  2000b69c    00000004     app_pem4.oem4 (.const:xdc_runtime_Assert_E_assertFailed__C)
                  2000b6a0    00000004     app_pem4.oem4 (.const:xdc_runtime_Core_A_initializedParams__C)
                  2000b6a4    00000004     app_pem4.oem4 (.const:xdc_runtime_Core_Module__diagsEnabled__C)
                  2000b6a8    00000004     app_pem4.oem4 (.const:xdc_runtime_Core_Module__diagsIncluded__C)
                  2000b6ac    00000004     app_pem4.oem4 (.const:xdc_runtime_Core_Module__diagsMask__C)
                  2000b6b0    00000004     app_pem4.oem4 (.const:xdc_runtime_Error_E_memory__C)
                  2000b6b4    00000004     app_pem4.oem4 (.const:xdc_runtime_Error_Module__diagsEnabled__C)
                  2000b6b8    00000004     app_pem4.oem4 (.const:xdc_runtime_Error_Module__diagsIncluded__C)
                  2000b6bc    00000004     app_pem4.oem4 (.const:xdc_runtime_Error_Module__diagsMask__C)
                  2000b6c0    00000004     app_pem4.oem4 (.const:xdc_runtime_Error_Module__loggerFxn8__C)
                  2000b6c4    00000004     app_pem4.oem4 (.const:xdc_runtime_Error_Module__loggerObj__C)
                  2000b6c8    00000004     app_pem4.oem4 (.const:xdc_runtime_Error_policyFxn__C)
                  2000b6cc    00000004     app_pem4.oem4 (.const:xdc_runtime_Error_raiseHook__C)
                  2000b6d0    00000004     app_pem4.oem4 (.const:xdc_runtime_IFilterLogger_Interface__BASE__C)
                  2000b6d4    00000004     app_pem4.oem4 (.const:xdc_runtime_IGateProvider_Interface__BASE__C)
                  2000b6d8    00000004     app_pem4.oem4 (.const:xdc_runtime_IHeap_Interface__BASE__C)
                  2000b6dc    00000004     app_pem4.oem4 (.const:xdc_runtime_ILogger_Interface__BASE__C)
                  2000b6e0    00000004     app_pem4.oem4 (.const:xdc_runtime_IModule_Interface__BASE__C)
                  2000b6e4    00000004     app_pem4.oem4 (.const:xdc_runtime_Log_L_error__C)
                  2000b6e8    00000004     app_pem4.oem4 (.const:xdc_runtime_LoggerBuf_E_badLevel__C)
                  2000b6ec    00000004     app_pem4.oem4 (.const:xdc_runtime_LoggerBuf_Module__gateObj__C)
                  2000b6f0    00000004     app_pem4.oem4 (.const:xdc_runtime_LoggerBuf_Object__count__C)
                  2000b6f4    00000004     app_pem4.oem4 (.const:xdc_runtime_LoggerBuf_statusLogger__C)
                  2000b6f8    00000004     app_pem4.oem4 (.const:xdc_runtime_Memory_defaultHeapInstance__C)
                  2000b6fc    00000004     app_pem4.oem4 (.const:xdc_runtime_Startup_execImpl__C)
                  2000b700    00000004     app_pem4.oem4 (.const:xdc_runtime_Startup_maxPasses__C)
                  2000b704    00000004     app_pem4.oem4 (.const:xdc_runtime_Startup_sfxnRts__C)
                  2000b708    00000004     app_pem4.oem4 (.const:xdc_runtime_Startup_sfxnTab__C)
                  2000b70c    00000004     app_pem4.oem4 (.const:xdc_runtime_SysMin_bufSize__C)
                  2000b710    00000004     app_pem4.oem4 (.const:xdc_runtime_SysMin_outputFunc__C)
                  2000b714    00000004     app_pem4.oem4 (.const:xdc_runtime_System_Module__gateObj__C)
                  2000b718    00000004     app_pem4.oem4 (.const:xdc_runtime_System_abortFxn__C)
                  2000b71c    00000004     app_pem4.oem4 (.const:xdc_runtime_System_exitFxn__C)
                  2000b720    00000004     app_pem4.oem4 (.const:xdc_runtime_System_extendFxn__C)
                  2000b724    00000004     app_pem4.oem4 (.const:xdc_runtime_System_maxAtexitHandlers__C)
                  2000b728    00000004     app_pem4.oem4 (.const:xdc_runtime_Text_charTab__C)
                  2000b72c    00000004     app_pem4.oem4 (.const:xdc_runtime_Text_nameEmpty__C)
                  2000b730    00000004     app_pem4.oem4 (.const:xdc_runtime_Text_nameStatic__C)
                  2000b734    00000004     app_pem4.oem4 (.const:xdc_runtime_Text_nameUnknown__C)
                  2000b738    00000004     app_pem4.oem4 (.const:xdc_runtime_Text_nodeTab__C)
                  2000b73c    00000004     app_pem4.oem4 (.const:xdc_runtime_Text_visitRopeFxn__C)
                  2000b740    00000002     app_pem4.oem4 (.const:ti_sysbios_family_arm_m3_Timer_Module__id__C)
                  2000b742    00000002     app_pem4.oem4 (.const:ti_sysbios_family_arm_m3_TimestampProvider_configTimer__C)
                  2000b744    00000002     app_pem4.oem4 (.const:ti_sysbios_gates_GateMutex_Module__id__C)
                  2000b746    00000002     app_pem4.oem4 (.const:ti_sysbios_hal_Hwi_Module__id__C)
                  2000b748    00000002     app_pem4.oem4 (.const:ti_sysbios_heaps_HeapMem_Module__id__C)
                  2000b74a    00000002     app_pem4.oem4 (.const:ti_sysbios_knl_Clock_Module__id__C)
                  2000b74c    00000002     app_pem4.oem4 (.const:ti_sysbios_knl_Clock_Module__loggerDefined__C)
                  2000b74e    00000002     app_pem4.oem4 (.const:ti_sysbios_knl_Semaphore_Module__id__C)
                  2000b750    00000002     app_pem4.oem4 (.const:ti_sysbios_knl_Semaphore_Module__loggerDefined__C)
                  2000b752    00000002     app_pem4.oem4 (.const:ti_sysbios_knl_Swi_Module__id__C)
                  2000b754    00000002     app_pem4.oem4 (.const:ti_sysbios_knl_Swi_Module__loggerDefined__C)
                  2000b756    00000002     app_pem4.oem4 (.const:ti_sysbios_knl_Task_Module__id__C)
                  2000b758    00000002     app_pem4.oem4 (.const:ti_sysbios_knl_Task_Module__loggerDefined__C)
                  2000b75a    00000002     app_pem4.oem4 (.const:ti_sysbios_knl_Task_initStackFlag__C)
                  2000b75c    00000002     app_pem4.oem4 (.const:xdc_runtime_Core_Module__id__C)
                  2000b75e    00000002     app_pem4.oem4 (.const:xdc_runtime_Error_Module__loggerDefined__C)
                  2000b760    00000002     app_pem4.oem4 (.const:xdc_runtime_Error_maxDepth__C)
                  2000b762    00000002     app_pem4.oem4 (.const:xdc_runtime_LoggerBuf_Module__id__C)
                  2000b764    00000002     app_pem4.oem4 (.const:xdc_runtime_LoggerBuf_filterByLevel__C)
                  2000b766    00000002     app_pem4.oem4 (.const:xdc_runtime_Memory_Module__id__C)
                  2000b768    00000002     app_pem4.oem4 (.const:xdc_runtime_SysMin_flushAtExit__C)
                  2000b76a    00000002     app_pem4.oem4 (.const:xdc_runtime_Text_charCnt__C)
                  2000b76c    00000002     app_pem4.oem4 (.const:xdc_runtime_Text_isLoaded__C)
                  2000b76e    00000002     app_pem4.oem4 (.const:xdc_runtime_Text_registryModsLastId__C)
                  2000b770    00000002     app_pem4.oem4 (.const:xdc_runtime_Text_unnamedModsLastId__C)

.cinit     0    2000b778    00000338     
                  2000b778    00000311     (.cinit..data.load) [load image, compression = rle]
                  2000ba89    00000003     --HOLE-- [fill = 0]
                  2000ba8c    0000000c     (__TI_handler_table)
                  2000ba98    00000008     (.cinit..bss.load) [load image, compression = zero_init]
                  2000baa0    00000010     (__TI_cinit_table)

.bss       0    20017000    00002034     UNINITIALIZED
                  20017000    00001000     app_pem4.oem4 (.bss:ti_sysbios_heaps_HeapMem_Instance_State_0_buf__A)
                  20018000    00000800     app_pem4.oem4 (.bss:taskStackSection)
                  20018800    0000030c     app_pem4.oem4 (.bss:ti_sysbios_family_arm_m3_Hwi_dispatchTable)
                  20018b0c    00000200     app_pem4.oem4 (.bss:xdc_runtime_LoggerBuf_Instance_State_0_entryArr__A)
                  20018d0c    00000200     app_pem4.oem4 (.bss:xdc_runtime_SysMin_Module_State_0_outbuf__A)
                  20018f0c    00000120     rtsv7M4_T_le_eabi.lib : trgmsg.obj (.bss:__CIOBUF_)
                  2001902c    00000008     (.common:parmbuf)

.data      0    20019034    00000404     UNINITIALIZED
                  20019034    00000120     app_pem4.oem4 (.data)
                  20019154    00000080     app_pem4.oem4 (.data:ti_sysbios_knl_Swi_Module_State_0_readyQ__A)
                  200191d4    00000080     app_pem4.oem4 (.data:ti_sysbios_knl_Task_Module_State_0_readyQ__A)
                  20019254    0000004c     app_pem4.oem4 (.data:ti_sysbios_knl_Task_Object__table__V)
                  200192a0    00000044     app_pem4.oem4 (.data:ti_sysbios_knl_Task_Module__state__V)
                  200192e4    00000038     app_pem4.oem4 (.data:ti_sysbios_gates_GateMutex_Object__table__V)
                  2001931c    00000034     app_pem4.oem4 (.data:ti_sysbios_family_arm_m3_Hwi_Module__state__V)
                  20019350    00000030     app_pem4.oem4 (.data:ti_sysbios_family_arm_m3_Timer_Object__table__V)
                  20019380    00000030     app_pem4.oem4 (.data:ti_sysbios_knl_Swi_Object__table__V)
                  200193b0    0000002c     app_pem4.oem4 (.data:ti_sysbios_knl_Clock_Module__state__V)
                  200193dc    00000024     app_pem4.oem4 (.data:ti_sysbios_BIOS_Module__state__V)
                  20019400    00000024     app_pem4.oem4 (.data:xdc_runtime_LoggerBuf_Object__table__V)
                  20019424    00000008     rtsv7M4_T_le_eabi.lib : _lock.obj (.data)
                  2001942c    00000008                           : exit.obj (.data)
                  20019434    00000004                           : stkdepth_vars.obj (.data)

.stack     0    2002fc00    00000400     UNINITIALIZED
                  2002fc00    00000400     --HOLE--

.bootVecs 
*          0    00000000    00000008     DSECT
                  00000000    00000008     boot.aem4 : boot.oem4 (.bootVecs)

.vecs      0    20004000    00000000     DSECT

xdc.meta   0    00000000    000000d6     COPY SECTION
                  00000000    000000d6     app_pem4.oem4 (xdc.meta)

.TI.noinit 
*          0    20017000    00000000     UNINITIALIZED

.TI.persistent 
*          0    20019034    00000000     UNINITIALIZED


LINKER GENERATED COPY TABLES

__TI_cinit_table @ 2000baa0 records: 2, size/record: 8, table size: 16
	.data: load addr=2000b778, load size=00000311 bytes, run addr=20019034, run size=00000404 bytes, compression=rle
	.bss: load addr=2000ba98, load size=00000008 bytes, run addr=20017000, run size=00002034 bytes, compression=zero_init


LINKER GENERATED HANDLER TABLE

__TI_handler_table @ 2000ba8c records: 3, size/record: 4, table size: 12
	index: 0, handler: __TI_decompress_rle24
	index: 1, handler: __TI_decompress_none
	index: 2, handler: __TI_zero_init


GLOBAL SYMBOLS: SORTED ALPHABETICALLY BY Name 

address   name                                                        
-------   ----                                                        
200088fd  C$$EXIT                                                     
20008043  C$$IO$$                                                     
20005031  HOSTclock                                                   
20004ff9  HOSTclose                                                   
20004fbb  HOSTgetenv                                                  
20004f5f  HOSTlseek                                                   
20004f0d  HOSTopen                                                    
20004ec1  HOSTread                                                    
20004e63  HOSTrename                                                  
20004e29  HOSTtime                                                    
20004df1  HOSTunlink                                                  
20004da5  HOSTwrite                                                   
200093e9  LoggerBuf_instanceStartup                                   
UNDEFED   SHT$$INIT_ARRAY$$Base                                       
UNDEFED   SHT$$INIT_ARRAY$$Limit                                      
20019254  TSK_idle                                                    
00000000  __ASM__                                                     
20018f0c  __CIOBUF_                                                   
0000004f  __ISA__                                                     
00000062  __PLAT__                                                    
20030000  __STACK_END                                                 
00000400  __STACK_SIZE                                                
00000089  __TARG__                                                    
2000baa0  __TI_CINIT_Base                                             
2000bab0  __TI_CINIT_Limit                                            
2000ba8c  __TI_Handler_Table_Base                                     
2000ba98  __TI_Handler_Table_Limit                                    
20007879  __TI_auto_init                                              
2001942c  __TI_cleanup_ptr                                            
20009929  __TI_decompress_none                                        
200080e3  __TI_decompress_rle24                                       
20019430  __TI_dtors_ptr                                              
20008047  __TI_readmsg                                                
2000b778  __TI_static_base__                                          
20008015  __TI_writemsg                                               
20009957  __TI_zero_init                                              
000000ae  __TRDR__                                                    
20007de1  __aeabi_memclr                                              
20007de1  __aeabi_memclr4                                             
20007de1  __aeabi_memclr8                                             
200079b9  __aeabi_memcpy                                              
200079b9  __aeabi_memcpy4                                             
200079b9  __aeabi_memcpy8                                             
20007de3  __aeabi_memset                                              
20007de3  __aeabi_memset4                                             
20007de3  __aeabi_memset8                                             
20008a95  __aeabi_uidiv                                               
20008a95  __aeabi_uidivmod                                            
ffffffff  __binit__                                                   
ffffffff  __c_args__                                                  
2002fc00  __stack                                                     
20007c2b  __xdc__init                                                 
20019150  __xdc__init__addr                                           
20009651  _args_main                                                  
200088b9  _c_int00                                                    
20019424  _lock                                                       
20009737  _nop                                                        
2000972f  _register_lock                                              
20009729  _register_unlock                                            
20019428  _unlock                                                     
20008901  abort                                                       
ffffffff  binit                                                       
20008581  copy_in                                                     
20008909  exit                                                        
2000769b  main                                                        
20019434  main_func_sp                                                
200079b9  memcpy                                                      
20007de9  memset                                                      
2000973d  strcpy                                                      
20009751  strlen                                                      
2000767d  taskFxn                                                     
200193dc  ti_sysbios_BIOS_Module__state__V                            
2000957b  ti_sysbios_BIOS_RtsGateProxy_Handle__label__S               
20009235  ti_sysbios_BIOS_RtsGateProxy_Object__delete__S              
20004a8d  ti_sysbios_BIOS_RtsGateProxy_enter__E                       
200052cd  ti_sysbios_BIOS_RtsGateProxy_leave__E                       
20009a31  ti_sysbios_BIOS_RtsGateProxy_query__E                       
20008ead  ti_sysbios_BIOS_atExitFunc__I                               
20009159  ti_sysbios_BIOS_errorRaiseHook__I                           
20009711  ti_sysbios_BIOS_exitFunc__I                                 
20009829  ti_sysbios_BIOS_exit__E                                     
20007725  ti_sysbios_BIOS_nullFunc__I                                 
2000917d  ti_sysbios_BIOS_registerRTSLock__I                          
200091a1  ti_sysbios_BIOS_removeRTSLock__I                            
200092c5  ti_sysbios_BIOS_rtsLock__I                                  
20009669  ti_sysbios_BIOS_rtsUnlock__I                                
20009839  ti_sysbios_BIOS_setThreadType__E                            
200091c5  ti_sysbios_BIOS_startFunc__I                                
20009849  ti_sysbios_BIOS_start__E                                    
2000b500  ti_sysbios_family_arm_m3_Hwi_E_NMI__C                       
2000b504  ti_sysbios_family_arm_m3_Hwi_E_busFault__C                  
2000b508  ti_sysbios_family_arm_m3_Hwi_E_debugMon__C                  
2000b50c  ti_sysbios_family_arm_m3_Hwi_E_hardFault__C                 
2000b510  ti_sysbios_family_arm_m3_Hwi_E_memFault__C                  
2000b514  ti_sysbios_family_arm_m3_Hwi_E_noIsr__C                     
2000b518  ti_sysbios_family_arm_m3_Hwi_E_reserved__C                  
2000b51c  ti_sysbios_family_arm_m3_Hwi_E_svCall__C                    
2000b520  ti_sysbios_family_arm_m3_Hwi_E_usageFault__C                
2000952d  ti_sysbios_family_arm_m3_Hwi_Handle__label__S               
2000b524  ti_sysbios_family_arm_m3_Hwi_LD_end__C                      
2000b528  ti_sysbios_family_arm_m3_Hwi_LM_begin__C                    
20019054  ti_sysbios_family_arm_m3_Hwi_Module_State_0_excActive__A    
20019058  ti_sysbios_family_arm_m3_Hwi_Module_State_0_excContext__A   
2001905c  ti_sysbios_family_arm_m3_Hwi_Module_State_0_excStack__A     
2000b52c  ti_sysbios_family_arm_m3_Hwi_Module__diagsEnabled__C        
2000b530  ti_sysbios_family_arm_m3_Hwi_Module__diagsIncluded__C       
2000b534  ti_sysbios_family_arm_m3_Hwi_Module__diagsMask__C           
2000b1be  ti_sysbios_family_arm_m3_Hwi_Module__id__C                  
2000b4d2  ti_sysbios_family_arm_m3_Hwi_Module__loggerDefined__C       
2000b538  ti_sysbios_family_arm_m3_Hwi_Module__loggerFxn1__C          
2000b53c  ti_sysbios_family_arm_m3_Hwi_Module__loggerFxn8__C          
2000b540  ti_sysbios_family_arm_m3_Hwi_Module__loggerObj__C           
20019034  ti_sysbios_family_arm_m3_Hwi_Module__root__V                
20009681  ti_sysbios_family_arm_m3_Hwi_Module__startupDone__F         
20009681  ti_sysbios_family_arm_m3_Hwi_Module__startupDone__S         
2001931c  ti_sysbios_family_arm_m3_Hwi_Module__state__V               
20007159  ti_sysbios_family_arm_m3_Hwi_Module_startup__E              
2000b544  ti_sysbios_family_arm_m3_Hwi_NUM_INTERRUPTS__C              
2000b548  ti_sysbios_family_arm_m3_Hwi_Object__count__C               
20009765  ti_sysbios_family_arm_m3_Hwi_Object__get__S                 
2001903c  ti_sysbios_family_arm_m3_Hwi_Object__table__V               
2000b54c  ti_sysbios_family_arm_m3_Hwi_ccr__C                         
20008709  ti_sysbios_family_arm_m3_Hwi_disableInterrupt__E            
20006551  ti_sysbios_family_arm_m3_Hwi_dispatchC__I                   
20018800  ti_sysbios_family_arm_m3_Hwi_dispatchTable                  
20006ef1  ti_sysbios_family_arm_m3_Hwi_dispatch__I                    
200099f9  ti_sysbios_family_arm_m3_Hwi_doSwiRestore__I                
200091e9  ti_sysbios_family_arm_m3_Hwi_doTaskRestore__I               
20008751  ti_sysbios_family_arm_m3_Hwi_enableInterrupt__E             
20005ea9  ti_sysbios_family_arm_m3_Hwi_excBusFault__I                 
20007221  ti_sysbios_family_arm_m3_Hwi_excDebugMon__I                 
20004311  ti_sysbios_family_arm_m3_Hwi_excDumpRegs__I                 
200092e5  ti_sysbios_family_arm_m3_Hwi_excHandlerAsm__I               
2000b550  ti_sysbios_family_arm_m3_Hwi_excHandlerFunc__C              
20005941  ti_sysbios_family_arm_m3_Hwi_excHandlerMax__I               
20009309  ti_sysbios_family_arm_m3_Hwi_excHandler__I                  
200072e1  ti_sysbios_family_arm_m3_Hwi_excHardFault__I                
2000b4e0  ti_sysbios_family_arm_m3_Hwi_excHookFuncs__A                
2000b554  ti_sysbios_family_arm_m3_Hwi_excHookFuncs__C                
20006189  ti_sysbios_family_arm_m3_Hwi_excMemFault__I                 
20008d31  ti_sysbios_family_arm_m3_Hwi_excNmi__I                      
20008c51  ti_sysbios_family_arm_m3_Hwi_excNoIsr__I                    
20008799  ti_sysbios_family_arm_m3_Hwi_excReserved__I                 
20008b19  ti_sysbios_family_arm_m3_Hwi_excSvCall__I                   
20006021  ti_sysbios_family_arm_m3_Hwi_excUsageFault__I               
20008941  ti_sysbios_family_arm_m3_Hwi_getStackInfo__E                
20007d59  ti_sysbios_family_arm_m3_Hwi_initNVIC__E                    
200087e1  ti_sysbios_family_arm_m3_Hwi_initStacks__E                  
2000b558  ti_sysbios_family_arm_m3_Hwi_nullIsrFunc__C                 
e000e000  ti_sysbios_family_arm_m3_Hwi_nvic                           
20009547  ti_sysbios_family_arm_m3_Hwi_pendSV__I                      
2000b55c  ti_sysbios_family_arm_m3_Hwi_priGroup__C                    
20004000  ti_sysbios_family_arm_m3_Hwi_resetVectors                   
2000955f  ti_sysbios_family_arm_m3_Hwi_return                         
20009a01  ti_sysbios_family_arm_m3_Hwi_startup__E                     
20009779  ti_sysbios_family_arm_m3_Hwi_switchFromBootStack__E         
2000573d  ti_sysbios_family_arm_m3_TaskSupport_Module__startupDone__S 
200085cd  ti_sysbios_family_arm_m3_TaskSupport_buildTaskStack         
20009969  ti_sysbios_family_arm_m3_TaskSupport_checkStack__E          
20009979  ti_sysbios_family_arm_m3_TaskSupport_getStackAlignment__E   
20009859  ti_sysbios_family_arm_m3_TaskSupport_glue                   
2000b560  ti_sysbios_family_arm_m3_TaskSupport_stackAlignment__C      
20008b59  ti_sysbios_family_arm_m3_TaskSupport_start__E               
20009869  ti_sysbios_family_arm_m3_TaskSupport_swap__E                
2000b564  ti_sysbios_family_arm_m3_Timer_E_cannotSupport__C           
2000b740  ti_sysbios_family_arm_m3_Timer_Module__id__C                
20019060  ti_sysbios_family_arm_m3_Timer_Module__root__V              
20009699  ti_sysbios_family_arm_m3_Timer_Module__startupDone__F       
20009699  ti_sysbios_family_arm_m3_Timer_Module__startupDone__S       
20019068  ti_sysbios_family_arm_m3_Timer_Module__state__V             
20008ad9  ti_sysbios_family_arm_m3_Timer_Module_startup__E            
20019350  ti_sysbios_family_arm_m3_Timer_Object__table__V             
20009a21  ti_sysbios_family_arm_m3_Timer_getMaxTicks__E               
20008829  ti_sysbios_family_arm_m3_Timer_initDevice__I                
20008d69  ti_sysbios_family_arm_m3_Timer_periodicStub__I              
200083e1  ti_sysbios_family_arm_m3_Timer_setPeriod__E                 
20008439  ti_sysbios_family_arm_m3_Timer_start__E                     
2000b568  ti_sysbios_family_arm_m3_Timer_startupNeeded__C             
20009211  ti_sysbios_family_arm_m3_Timer_startup__E                   
20019074  ti_sysbios_family_arm_m3_TimestampProvider_Module__state__V 
20009329  ti_sysbios_family_arm_m3_TimestampProvider_Module_startup__E
2000b742  ti_sysbios_family_arm_m3_TimestampProvider_configTimer__C   
200080e9  ti_sysbios_family_arm_m3_TimestampProvider_get64__E         
20009449  ti_sysbios_family_xxx_Hwi_switchAndRunFunc                  
20009561  ti_sysbios_gates_GateHwi_Handle__label__S                   
20009a41  ti_sysbios_gates_GateHwi_Instance_init__E                   
2000b2d0  ti_sysbios_gates_GateHwi_Module__FXNS__C                    
20019078  ti_sysbios_gates_GateHwi_Module__root__V                    
2000b384  ti_sysbios_gates_GateHwi_Object__DESC__C                    
2000b464  ti_sysbios_gates_GateHwi_Object__PARAMS__C                  
20008edd  ti_sysbios_gates_GateHwi_Object__create__S                  
20009349  ti_sysbios_gates_GateHwi_Object__delete__S                  
20019080  ti_sysbios_gates_GateHwi_Object__table__V                   
20009989  ti_sysbios_gates_GateHwi_enter__E                           
20009a09  ti_sysbios_gates_GateHwi_leave__E                           
20009a29  ti_sysbios_gates_GateHwi_query__E                           
2000b56c  ti_sysbios_gates_GateMutex_A_badContext__C                  
2000957b  ti_sysbios_gates_GateMutex_Handle__label__S                 
2000b570  ti_sysbios_gates_GateMutex_Instance_State_sem__O            
20009879  ti_sysbios_gates_GateMutex_Instance_finalize__E             
20009469  ti_sysbios_gates_GateMutex_Instance_init__E                 
2000b2f4  ti_sysbios_gates_GateMutex_Module__FXNS__C                  
2000b574  ti_sysbios_gates_GateMutex_Module__diagsEnabled__C          
2000b578  ti_sysbios_gates_GateMutex_Module__diagsIncluded__C         
2000b57c  ti_sysbios_gates_GateMutex_Module__diagsMask__C             
2000b744  ti_sysbios_gates_GateMutex_Module__id__C                    
20019084  ti_sysbios_gates_GateMutex_Module__root__V                  
2000b3a4  ti_sysbios_gates_GateMutex_Object__DESC__C                  
2000b47c  ti_sysbios_gates_GateMutex_Object__PARAMS__C                
20008f0d  ti_sysbios_gates_GateMutex_Object__create__S                
20009235  ti_sysbios_gates_GateMutex_Object__delete__S                
200192e4  ti_sysbios_gates_GateMutex_Object__table__V                 
20007461  ti_sysbios_gates_GateMutex_enter__E                         
200096b1  ti_sysbios_gates_GateMutex_leave__E                         
20009a31  ti_sysbios_gates_GateMutex_query__E                         
2000b580  ti_sysbios_hal_Hwi_E_stackOverflow__C                       
2000952d  ti_sysbios_hal_Hwi_HwiProxy_Handle__label__S                
20009681  ti_sysbios_hal_Hwi_HwiProxy_Module__startupDone__S          
20008709  ti_sysbios_hal_Hwi_HwiProxy_disableInterrupt__E             
20008751  ti_sysbios_hal_Hwi_HwiProxy_enableInterrupt__E              
20008941  ti_sysbios_hal_Hwi_HwiProxy_getStackInfo__E                 
20009a01  ti_sysbios_hal_Hwi_HwiProxy_startup__E                      
20009779  ti_sysbios_hal_Hwi_HwiProxy_switchFromBootStack__E          
2000b746  ti_sysbios_hal_Hwi_Module__id__C                            
2001908c  ti_sysbios_hal_Hwi_Module__root__V                          
200097c9  ti_sysbios_hal_Hwi_Module_startup__E                        
20008da1  ti_sysbios_hal_Hwi_checkStack                               
20008e41  ti_sysbios_hal_Hwi_initStack                                
2000b584  ti_sysbios_heaps_HeapMem_A_align__C                         
2000b588  ti_sysbios_heaps_HeapMem_A_heapSize__C                      
2000b58c  ti_sysbios_heaps_HeapMem_A_invalidFree__C                   
2000b590  ti_sysbios_heaps_HeapMem_A_zeroBlock__C                     
2000b594  ti_sysbios_heaps_HeapMem_E_memory__C                        
20009595  ti_sysbios_heaps_HeapMem_Handle__label__S                   
20017000  ti_sysbios_heaps_HeapMem_Instance_State_0_buf__A            
20006411  ti_sysbios_heaps_HeapMem_Instance_init__E                   
2000957b  ti_sysbios_heaps_HeapMem_Module_GateProxy_Handle__label__S  
20009235  ti_sysbios_heaps_HeapMem_Module_GateProxy_Object__delete__S 
20005b3d  ti_sysbios_heaps_HeapMem_Module_GateProxy_enter__E          
20005ea5  ti_sysbios_heaps_HeapMem_Module_GateProxy_leave__E          
20009a31  ti_sysbios_heaps_HeapMem_Module_GateProxy_query__E          
2000b280  ti_sysbios_heaps_HeapMem_Module__FXNS__C                    
2000b598  ti_sysbios_heaps_HeapMem_Module__diagsEnabled__C            
2000b59c  ti_sysbios_heaps_HeapMem_Module__diagsIncluded__C           
2000b5a0  ti_sysbios_heaps_HeapMem_Module__diagsMask__C               
2000b5a4  ti_sysbios_heaps_HeapMem_Module__gateObj__C                 
2000b748  ti_sysbios_heaps_HeapMem_Module__id__C                      
20019094  ti_sysbios_heaps_HeapMem_Module__root__V                    
2000b3c4  ti_sysbios_heaps_HeapMem_Object__DESC__C                    
2000b318  ti_sysbios_heaps_HeapMem_Object__PARAMS__C                  
2000b5a8  ti_sysbios_heaps_HeapMem_Object__count__C                   
20008f3d  ti_sysbios_heaps_HeapMem_Object__create__S                  
20009369  ti_sysbios_heaps_HeapMem_Object__delete__S                  
2000978d  ti_sysbios_heaps_HeapMem_Object__get__S                     
2001909c  ti_sysbios_heaps_HeapMem_Object__table__V                   
200052d1  ti_sysbios_heaps_HeapMem_alloc__E                           
20005079  ti_sysbios_heaps_HeapMem_free__E                            
20008619  ti_sysbios_heaps_HeapMem_getStats__E                        
20008b99  ti_sysbios_heaps_HeapMem_init__I                            
20009a11  ti_sysbios_heaps_HeapMem_isBlocking__E                      
2000b5ac  ti_sysbios_heaps_HeapMem_reqAlign__C                        
2000b5b0  ti_sysbios_knl_Clock_LM_begin__C                            
2000b5b4  ti_sysbios_knl_Clock_LM_tick__C                             
2000b5b8  ti_sysbios_knl_Clock_LW_delayed__C                          
2000b5bc  ti_sysbios_knl_Clock_Module_State_clockQ__O                 
2000b5c0  ti_sysbios_knl_Clock_Module__diagsEnabled__C                
2000b5c4  ti_sysbios_knl_Clock_Module__diagsIncluded__C               
2000b5c8  ti_sysbios_knl_Clock_Module__diagsMask__C                   
2000b74a  ti_sysbios_knl_Clock_Module__id__C                          
2000b74c  ti_sysbios_knl_Clock_Module__loggerDefined__C               
2000b5cc  ti_sysbios_knl_Clock_Module__loggerFxn1__C                  
2000b5d0  ti_sysbios_knl_Clock_Module__loggerFxn2__C                  
2000b5d4  ti_sysbios_knl_Clock_Module__loggerObj__C                   
200190b4  ti_sysbios_knl_Clock_Module__root__V                        
200193b0  ti_sysbios_knl_Clock_Module__state__V                       
20009259  ti_sysbios_knl_Clock_Module_startup__E                      
20009699  ti_sysbios_knl_Clock_TimerProxy_Module__startupDone__S      
2000601d  ti_sysbios_knl_Clock_TimerProxy_getMaxTicks__E              
20009211  ti_sysbios_knl_Clock_TimerProxy_startup__E                  
20008ffd  ti_sysbios_knl_Clock_doTick__I                              
200081b1  ti_sysbios_knl_Clock_logTick__E                             
200067c1  ti_sysbios_knl_Clock_workFunc__E                            
2000b5d8  ti_sysbios_knl_Idle_funcList__A                             
2000b4e8  ti_sysbios_knl_Idle_funcList__C                             
20009939  ti_sysbios_knl_Idle_loop__E                                 
20009389  ti_sysbios_knl_Idle_run__E                                  
20009a19  ti_sysbios_knl_Queue_Instance_init__E                       
200190bc  ti_sysbios_knl_Queue_Module__root__V                        
2000b3e4  ti_sysbios_knl_Queue_Object__DESC__C                        
2000b494  ti_sysbios_knl_Queue_Object__PARAMS__C                      
20009485  ti_sysbios_knl_Queue_Object__destruct__S                    
20009995  ti_sysbios_knl_Queue_Object__get__S                         
20009029  ti_sysbios_knl_Queue_construct                              
20006185  ti_sysbios_knl_Queue_destruct                               
20009949  ti_sysbios_knl_Queue_empty__E                               
2000b5dc  ti_sysbios_knl_Semaphore_A_badContext__C                    
2000b5e0  ti_sysbios_knl_Semaphore_A_noEvents__C                      
2000b5e4  ti_sysbios_knl_Semaphore_A_overflow__C                      
2000b5e8  ti_sysbios_knl_Semaphore_A_pendTaskDisabled__C              
2000b5ec  ti_sysbios_knl_Semaphore_Instance_State_pendQ__O            
20009889  ti_sysbios_knl_Semaphore_Instance_finalize__E               
20007a59  ti_sysbios_knl_Semaphore_Instance_init__E                   
2000b5f0  ti_sysbios_knl_Semaphore_LM_pend__C                         
2000b5f4  ti_sysbios_knl_Semaphore_LM_post__C                         
2000b5f8  ti_sysbios_knl_Semaphore_Module__diagsEnabled__C            
2000b5fc  ti_sysbios_knl_Semaphore_Module__diagsIncluded__C           
2000b600  ti_sysbios_knl_Semaphore_Module__diagsMask__C               
2000b74e  ti_sysbios_knl_Semaphore_Module__id__C                      
2000b750  ti_sysbios_knl_Semaphore_Module__loggerDefined__C           
2000b604  ti_sysbios_knl_Semaphore_Module__loggerFxn2__C              
[...]
20009a21  ti_sysbios_family_arm_m3_Timer_getMaxTicks__E               
20009a29  ti_sysbios_gates_GateHwi_query__E                           
20009a29  xdc_runtime_LoggerBuf_Module_GateProxy_query__E             
20009a29  xdc_runtime_Main_Module_GateProxy_query__E                  
20009a29  xdc_runtime_System_Module_GateProxy_query__E                
20009a31  ti_sysbios_BIOS_RtsGateProxy_query__E                       
20009a31  ti_sysbios_gates_GateMutex_query__E                         
20009a31  ti_sysbios_heaps_HeapMem_Module_GateProxy_query__E          
20009a39  ti_sysbios_knl_Task_startup__E                              
20009a41  ti_sysbios_gates_GateHwi_Instance_init__E                   
20009a44  xdc_runtime_Text_charTab__A                                 
2000b115  xdc_runtime_Error_policy__C                                 
2000b116  xdc_runtime_Text_nodeTab__A                                 
2000b1be  ti_sysbios_family_arm_m3_Hwi_Module__id__C                  
2000b208  ti_sysbios_knl_Task_Object__PARAMS__C                       
2000b244  xdc_runtime_LoggerBuf_Module__FXNS__C                       
2000b280  ti_sysbios_heaps_HeapMem_Module__FXNS__C                    
2000b2a8  xdc_runtime_Startup_sfxnTab__A                              
2000b2d0  ti_sysbios_gates_GateHwi_Module__FXNS__C                    
2000b2f4  ti_sysbios_gates_GateMutex_Module__FXNS__C                  
2000b318  ti_sysbios_heaps_HeapMem_Object__PARAMS__C                  
2000b33c  ti_sysbios_knl_Semaphore_Object__PARAMS__C                  
2000b360  xdc_runtime_LoggerBuf_Object__PARAMS__C                     
2000b384  ti_sysbios_gates_GateHwi_Object__DESC__C                    
2000b3a4  ti_sysbios_gates_GateMutex_Object__DESC__C                  
2000b3c4  ti_sysbios_heaps_HeapMem_Object__DESC__C                    
2000b3e4  ti_sysbios_knl_Queue_Object__DESC__C                        
2000b404  ti_sysbios_knl_Semaphore_Object__DESC__C                    
2000b424  ti_sysbios_knl_Task_Object__DESC__C                         
2000b444  xdc_runtime_LoggerBuf_Object__DESC__C                       
2000b464  ti_sysbios_gates_GateHwi_Object__PARAMS__C                  
2000b47c  ti_sysbios_gates_GateMutex_Object__PARAMS__C                
2000b494  ti_sysbios_knl_Queue_Object__PARAMS__C                      
2000b4ac  xdc_runtime_Startup_sfxnRts__A                              
2000b4d2  ti_sysbios_family_arm_m3_Hwi_Module__loggerDefined__C       
2000b4d4  xdc_runtime_Startup_firstFxns__A                            
2000b4e0  ti_sysbios_family_arm_m3_Hwi_excHookFuncs__A                
2000b4e8  ti_sysbios_knl_Idle_funcList__C                             
2000b4f0  xdc_runtime_Startup_firstFxns__C                            
2000b4f8  xdc_runtime_Startup_lastFxns__C                             
2000b500  ti_sysbios_family_arm_m3_Hwi_E_NMI__C                       
2000b504  ti_sysbios_family_arm_m3_Hwi_E_busFault__C                  
2000b508  ti_sysbios_family_arm_m3_Hwi_E_debugMon__C                  
2000b50c  ti_sysbios_family_arm_m3_Hwi_E_hardFault__C                 
2000b510  ti_sysbios_family_arm_m3_Hwi_E_memFault__C                  
2000b514  ti_sysbios_family_arm_m3_Hwi_E_noIsr__C                     
2000b518  ti_sysbios_family_arm_m3_Hwi_E_reserved__C                  
2000b51c  ti_sysbios_family_arm_m3_Hwi_E_svCall__C                    
2000b520  ti_sysbios_family_arm_m3_Hwi_E_usageFault__C                
2000b524  ti_sysbios_family_arm_m3_Hwi_LD_end__C                      
2000b528  ti_sysbios_family_arm_m3_Hwi_LM_begin__C                    
2000b52c  ti_sysbios_family_arm_m3_Hwi_Module__diagsEnabled__C        
2000b530  ti_sysbios_family_arm_m3_Hwi_Module__diagsIncluded__C       
2000b534  ti_sysbios_family_arm_m3_Hwi_Module__diagsMask__C           
2000b538  ti_sysbios_family_arm_m3_Hwi_Module__loggerFxn1__C          
2000b53c  ti_sysbios_family_arm_m3_Hwi_Module__loggerFxn8__C          
2000b540  ti_sysbios_family_arm_m3_Hwi_Module__loggerObj__C           
2000b544  ti_sysbios_family_arm_m3_Hwi_NUM_INTERRUPTS__C              
2000b548  ti_sysbios_family_arm_m3_Hwi_Object__count__C               
2000b54c  ti_sysbios_family_arm_m3_Hwi_ccr__C                         
2000b550  ti_sysbios_family_arm_m3_Hwi_excHandlerFunc__C              
2000b554  ti_sysbios_family_arm_m3_Hwi_excHookFuncs__C                
2000b558  ti_sysbios_family_arm_m3_Hwi_nullIsrFunc__C                 
2000b55c  ti_sysbios_family_arm_m3_Hwi_priGroup__C                    
2000b560  ti_sysbios_family_arm_m3_TaskSupport_stackAlignment__C      
2000b564  ti_sysbios_family_arm_m3_Timer_E_cannotSupport__C           
2000b568  ti_sysbios_family_arm_m3_Timer_startupNeeded__C             
2000b56c  ti_sysbios_gates_GateMutex_A_badContext__C                  
2000b570  ti_sysbios_gates_GateMutex_Instance_State_sem__O            
2000b574  ti_sysbios_gates_GateMutex_Module__diagsEnabled__C          
2000b578  ti_sysbios_gates_GateMutex_Module__diagsIncluded__C         
2000b57c  ti_sysbios_gates_GateMutex_Module__diagsMask__C             
2000b580  ti_sysbios_hal_Hwi_E_stackOverflow__C                       
2000b584  ti_sysbios_heaps_HeapMem_A_align__C                         
2000b588  ti_sysbios_heaps_HeapMem_A_heapSize__C                      
2000b58c  ti_sysbios_heaps_HeapMem_A_invalidFree__C                   
2000b590  ti_sysbios_heaps_HeapMem_A_zeroBlock__C                     
2000b594  ti_sysbios_heaps_HeapMem_E_memory__C                        
2000b598  ti_sysbios_heaps_HeapMem_Module__diagsEnabled__C            
2000b59c  ti_sysbios_heaps_HeapMem_Module__diagsIncluded__C           
2000b5a0  ti_sysbios_heaps_HeapMem_Module__diagsMask__C               
2000b5a4  ti_sysbios_heaps_HeapMem_Module__gateObj__C                 
2000b5a8  ti_sysbios_heaps_HeapMem_Object__count__C                   
2000b5ac  ti_sysbios_heaps_HeapMem_reqAlign__C                        
2000b5b0  ti_sysbios_knl_Clock_LM_begin__C                            
2000b5b4  ti_sysbios_knl_Clock_LM_tick__C                             
2000b5b8  ti_sysbios_knl_Clock_LW_delayed__C                          
2000b5bc  ti_sysbios_knl_Clock_Module_State_clockQ__O                 
2000b5c0  ti_sysbios_knl_Clock_Module__diagsEnabled__C                
2000b5c4  ti_sysbios_knl_Clock_Module__diagsIncluded__C               
2000b5c8  ti_sysbios_knl_Clock_Module__diagsMask__C                   
2000b5cc  ti_sysbios_knl_Clock_Module__loggerFxn1__C                  
2000b5d0  ti_sysbios_knl_Clock_Module__loggerFxn2__C                  
2000b5d4  ti_sysbios_knl_Clock_Module__loggerObj__C                   
2000b5d8  ti_sysbios_knl_Idle_funcList__A                             
2000b5dc  ti_sysbios_knl_Semaphore_A_badContext__C                    
2000b5e0  ti_sysbios_knl_Semaphore_A_noEvents__C                      
2000b5e4  ti_sysbios_knl_Semaphore_A_overflow__C                      
2000b5e8  ti_sysbios_knl_Semaphore_A_pendTaskDisabled__C              
2000b5ec  ti_sysbios_knl_Semaphore_Instance_State_pendQ__O            
2000b5f0  ti_sysbios_knl_Semaphore_LM_pend__C                         
2000b5f4  ti_sysbios_knl_Semaphore_LM_post__C                         
2000b5f8  ti_sysbios_knl_Semaphore_Module__diagsEnabled__C            
2000b5fc  ti_sysbios_knl_Semaphore_Module__diagsIncluded__C           
2000b600  ti_sysbios_knl_Semaphore_Module__diagsMask__C               
2000b604  ti_sysbios_knl_Semaphore_Module__loggerFxn2__C              
2000b608  ti_sysbios_knl_Semaphore_Module__loggerFxn4__C              
2000b60c  ti_sysbios_knl_Semaphore_Module__loggerObj__C               
2000b610  ti_sysbios_knl_Swi_LD_end__C                                
2000b614  ti_sysbios_knl_Swi_LM_begin__C                              
2000b618  ti_sysbios_knl_Swi_LM_post__C                               
2000b61c  ti_sysbios_knl_Swi_Module__diagsEnabled__C                  
2000b620  ti_sysbios_knl_Swi_Module__diagsIncluded__C                 
2000b624  ti_sysbios_knl_Swi_Module__diagsMask__C                     
2000b628  ti_sysbios_knl_Swi_Module__loggerFxn1__C                    
2000b62c  ti_sysbios_knl_Swi_Module__loggerFxn4__C                    
2000b630  ti_sysbios_knl_Swi_Module__loggerObj__C                     
2000b634  ti_sysbios_knl_Swi_Object__count__C                         
2000b638  ti_sysbios_knl_Task_A_badPriority__C                        
2000b63c  ti_sysbios_knl_Task_A_badTaskState__C                       
2000b640  ti_sysbios_knl_Task_A_badThreadType__C                      
2000b644  ti_sysbios_knl_Task_A_badTimeout__C                         
2000b648  ti_sysbios_knl_Task_A_noPendElem__C                         
2000b64c  ti_sysbios_knl_Task_A_sleepTaskDisabled__C                  
2000b650  ti_sysbios_knl_Task_E_spOutOfBounds__C                      
2000b654  ti_sysbios_knl_Task_E_stackOverflow__C                      
2000b658  ti_sysbios_knl_Task_LD_block__C                             
2000b65c  ti_sysbios_knl_Task_LD_exit__C                              
2000b660  ti_sysbios_knl_Task_LD_ready__C                             
2000b664  ti_sysbios_knl_Task_LM_sleep__C                             
2000b668  ti_sysbios_knl_Task_LM_switch__C                            
2000b66c  ti_sysbios_knl_Task_Module_State_inactiveQ__O               
2000b670  ti_sysbios_knl_Task_Module__diagsEnabled__C                 
2000b674  ti_sysbios_knl_Task_Module__diagsIncluded__C                
2000b678  ti_sysbios_knl_Task_Module__diagsMask__C                    
2000b67c  ti_sysbios_knl_Task_Module__loggerFxn2__C                   
2000b680  ti_sysbios_knl_Task_Module__loggerFxn4__C                   
2000b684  ti_sysbios_knl_Task_Module__loggerObj__C                    
2000b688  ti_sysbios_knl_Task_Object__count__C                        
2000b68c  ti_sysbios_knl_Task_allBlockedFunc__C                       
2000b690  ti_sysbios_knl_Task_defaultStackHeap__C                     
2000b694  ti_sysbios_knl_Task_defaultStackSize__C                     
2000b698  ti_sysbios_knl_Task_numConstructedTasks__C                  
2000b69c  xdc_runtime_Assert_E_assertFailed__C                        
2000b6a0  xdc_runtime_Core_A_initializedParams__C                     
2000b6a4  xdc_runtime_Core_Module__diagsEnabled__C                    
2000b6a8  xdc_runtime_Core_Module__diagsIncluded__C                   
2000b6ac  xdc_runtime_Core_Module__diagsMask__C                       
2000b6b0  xdc_runtime_Error_E_memory__C                               
2000b6b4  xdc_runtime_Error_Module__diagsEnabled__C                   
2000b6b8  xdc_runtime_Error_Module__diagsIncluded__C                  
2000b6bc  xdc_runtime_Error_Module__diagsMask__C                      
2000b6c0  xdc_runtime_Error_Module__loggerFxn8__C                     
2000b6c4  xdc_runtime_Error_Module__loggerObj__C                      
2000b6c8  xdc_runtime_Error_policyFxn__C                              
2000b6cc  xdc_runtime_Error_raiseHook__C                              
2000b6d0  xdc_runtime_IFilterLogger_Interface__BASE__C                
2000b6d4  xdc_runtime_IGateProvider_Interface__BASE__C                
2000b6d8  xdc_runtime_IHeap_Interface__BASE__C                        
2000b6dc  xdc_runtime_ILogger_Interface__BASE__C                      
2000b6e0  xdc_runtime_IModule_Interface__BASE__C                      
2000b6e4  xdc_runtime_Log_L_error__C                                  
2000b6e8  xdc_runtime_LoggerBuf_E_badLevel__C                         
2000b6ec  xdc_runtime_LoggerBuf_Module__gateObj__C                    
2000b6f0  xdc_runtime_LoggerBuf_Object__count__C                      
2000b6f4  xdc_runtime_LoggerBuf_statusLogger__C                       
2000b6f8  xdc_runtime_Memory_defaultHeapInstance__C                   
2000b6fc  xdc_runtime_Startup_execImpl__C                             
2000b700  xdc_runtime_Startup_maxPasses__C                            
2000b704  xdc_runtime_Startup_sfxnRts__C                              
2000b708  xdc_runtime_Startup_sfxnTab__C                              
2000b70c  xdc_runtime_SysMin_bufSize__C                               
2000b710  xdc_runtime_SysMin_outputFunc__C                            
2000b714  xdc_runtime_System_Module__gateObj__C                       
2000b718  xdc_runtime_System_abortFxn__C                              
2000b71c  xdc_runtime_System_exitFxn__C                               
2000b720  xdc_runtime_System_extendFxn__C                             
2000b724  xdc_runtime_System_maxAtexitHandlers__C                     
2000b728  xdc_runtime_Text_charTab__C                                 
2000b72c  xdc_runtime_Text_nameEmpty__C                               
2000b730  xdc_runtime_Text_nameStatic__C                              
2000b734  xdc_runtime_Text_nameUnknown__C                             
2000b738  xdc_runtime_Text_nodeTab__C                                 
2000b73c  xdc_runtime_Text_visitRopeFxn__C                            
2000b740  ti_sysbios_family_arm_m3_Timer_Module__id__C                
2000b742  ti_sysbios_family_arm_m3_TimestampProvider_configTimer__C   
2000b744  ti_sysbios_gates_GateMutex_Module__id__C                    
2000b746  ti_sysbios_hal_Hwi_Module__id__C                            
2000b748  ti_sysbios_heaps_HeapMem_Module__id__C                      
2000b74a  ti_sysbios_knl_Clock_Module__id__C                          
2000b74c  ti_sysbios_knl_Clock_Module__loggerDefined__C               
2000b74e  ti_sysbios_knl_Semaphore_Module__id__C                      
2000b750  ti_sysbios_knl_Semaphore_Module__loggerDefined__C           
2000b752  ti_sysbios_knl_Swi_Module__id__C                            
2000b754  ti_sysbios_knl_Swi_Module__loggerDefined__C                 
2000b756  ti_sysbios_knl_Task_Module__id__C                           
2000b758  ti_sysbios_knl_Task_Module__loggerDefined__C                
2000b75a  ti_sysbios_knl_Task_initStackFlag__C                        
2000b75c  xdc_runtime_Core_Module__id__C                              
2000b75e  xdc_runtime_Error_Module__loggerDefined__C                  
2000b760  xdc_runtime_Error_maxDepth__C                               
2000b762  xdc_runtime_LoggerBuf_Module__id__C                         
2000b764  xdc_runtime_LoggerBuf_filterByLevel__C                      
2000b766  xdc_runtime_Memory_Module__id__C                            
2000b768  xdc_runtime_SysMin_flushAtExit__C                           
2000b76a  xdc_runtime_Text_charCnt__C                                 
2000b76c  xdc_runtime_Text_isLoaded__C                                
2000b76e  xdc_runtime_Text_registryModsLastId__C                      
2000b770  xdc_runtime_Text_unnamedModsLastId__C                       
2000b778  __TI_static_base__                                          
2000ba8c  __TI_Handler_Table_Base                                     
2000ba98  __TI_Handler_Table_Limit                                    
2000baa0  __TI_CINIT_Base                                             
2000bab0  __TI_CINIT_Limit                                            
20017000  ti_sysbios_heaps_HeapMem_Instance_State_0_buf__A            
20018000  ti_sysbios_knl_Task_Instance_State_0_stack__A               
20018800  ti_sysbios_family_arm_m3_Hwi_dispatchTable                  
20018b0c  xdc_runtime_LoggerBuf_Instance_State_0_entryArr__A          
20018d0c  xdc_runtime_SysMin_Module_State_0_outbuf__A                 
20018f0c  __CIOBUF_                                                   
20019034  ti_sysbios_family_arm_m3_Hwi_Module__root__V                
2001903c  ti_sysbios_family_arm_m3_Hwi_Object__table__V               
20019054  ti_sysbios_family_arm_m3_Hwi_Module_State_0_excActive__A    
20019058  ti_sysbios_family_arm_m3_Hwi_Module_State_0_excContext__A   
2001905c  ti_sysbios_family_arm_m3_Hwi_Module_State_0_excStack__A     
20019060  ti_sysbios_family_arm_m3_Timer_Module__root__V              
20019068  ti_sysbios_family_arm_m3_Timer_Module__state__V             
20019074  ti_sysbios_family_arm_m3_TimestampProvider_Module__state__V 
20019078  ti_sysbios_gates_GateHwi_Module__root__V                    
20019080  ti_sysbios_gates_GateHwi_Object__table__V                   
20019084  ti_sysbios_gates_GateMutex_Module__root__V                  
2001908c  ti_sysbios_hal_Hwi_Module__root__V                          
20019094  ti_sysbios_heaps_HeapMem_Module__root__V                    
2001909c  ti_sysbios_heaps_HeapMem_Object__table__V                   
200190b4  ti_sysbios_knl_Clock_Module__root__V                        
200190bc  ti_sysbios_knl_Queue_Module__root__V                        
200190c4  ti_sysbios_knl_Semaphore_Module__root__V                    
200190cc  ti_sysbios_knl_Swi_Module__root__V                          
200190d4  ti_sysbios_knl_Swi_Module__state__V                         
200190f0  ti_sysbios_knl_Task_Module__root__V                         
200190f8  ti_sysbios_knl_Task_Module_State_0_idleTask__A              
200190fc  xdc_runtime_Error_Module__state__V                          
20019100  xdc_runtime_LoggerBuf_Module__root__V                       
20019108  xdc_runtime_LoggerBuf_Module__state__V                      
20019110  xdc_runtime_Memory_Module__state__V                         
20019114  xdc_runtime_Registry_Module__state__V                       
2001911c  xdc_runtime_Startup_Module__state__V                        
20019124  xdc_runtime_SysMin_Module__state__V                         
20019130  xdc_runtime_System_Module_State_0_atexitHandlers__A         
20019140  xdc_runtime_System_Module__state__V                         
20019148  xdc_runtime_Text_Module__state__V                           
20019150  __xdc__init__addr                                           
20019154  ti_sysbios_knl_Swi_Module_State_0_readyQ__A                 
200191d4  ti_sysbios_knl_Task_Module_State_0_readyQ__A                
20019254  TSK_idle                                                    
20019254  ti_sysbios_knl_Task_Object__table__V                        
200192a0  ti_sysbios_knl_Task_Module__state__V                        
200192e4  ti_sysbios_gates_GateMutex_Object__table__V                 
2001931c  ti_sysbios_family_arm_m3_Hwi_Module__state__V               
20019350  ti_sysbios_family_arm_m3_Timer_Object__table__V             
20019380  ti_sysbios_knl_Swi_Object__table__V                         
200193b0  ti_sysbios_knl_Clock_Module__state__V                       
200193dc  ti_sysbios_BIOS_Module__state__V                            
20019400  xdc_runtime_LoggerBuf_Object__table__V                      
20019424  _lock                                                       
20019428  _unlock                                                     
2001942c  __TI_cleanup_ptr                                            
20019430  __TI_dtors_ptr                                              
20019434  main_func_sp                                                
2002fc00  __stack                                                     
20030000  __STACK_END                                                 
e000e000  ti_sysbios_family_arm_m3_Hwi_nvic                           
ffffffff  __binit__                                                   
ffffffff  __c_args__                                                  
ffffffff  binit                                                       
UNDEFED   SHT$$INIT_ARRAY$$Base                                       
UNDEFED   SHT$$INIT_ARRAY$$Limit                                      

[588 symbols]
